[    0.000000] Linux version 5.15.0-48-generic (buildd@lcy02-amd64-080) (gcc (Ubuntu 11.2.0-19ubuntu1) 11.2.0, GNU ld (GNU Binutils for Ubuntu) 2.38) #54-Ubuntu SMP Fri Aug 26 13:26:29 UTC 2022 (Ubuntu 5.15.0-48.54-generic 5.15.53)
[    0.000000] Command line: BOOT_IMAGE=/boot/vmlinuz-5.15.0-48-generic root=UUID=28d3470b-2897-45e7-9dce-eb1adab22575 ro find_preseed=/preseed.cfg auto noprompt priority=critical locale=en_US quiet splash
[    0.000000] KERNEL supported cpus:
[    0.000000]   Intel GenuineIntel
[    0.000000]   AMD AuthenticAMD
[    0.000000]   Hygon HygonGenuine
[    0.000000]   Centaur CentaurHauls
[    0.000000]   zhaoxin   Shanghai  
[    0.000000] [Firmware Bug]: TSC doesn't count with P0 frequency!
[    0.000000] x86/fpu: Supporting XSAVE feature 0x001: 'x87 floating point registers'
[    0.000000] x86/fpu: Supporting XSAVE feature 0x002: 'SSE registers'
[    0.000000] x86/fpu: Supporting XSAVE feature 0x004: 'AVX registers'
[    0.000000] x86/fpu: xstate_offset[2]:  576, xstate_sizes[2]:  256
[    0.000000] x86/fpu: Enabled xstate features 0x7, context size is 832 bytes, using 'compacted' format.
[    0.000000] signal: max sigframe size: 1776
[    0.000000] BIOS-provided physical RAM map:
[    0.000000] BIOS-e820: [mem 0x0000000000000000-0x000000000009e7ff] usable
[    0.000000] BIOS-e820: [mem 0x000000000009e800-0x000000000009ffff] reserved
[    0.000000] BIOS-e820: [mem 0x00000000000dc000-0x00000000000fffff] reserved
[    0.000000] BIOS-e820: [mem 0x0000000000100000-0x00000000bfecffff] usable
[    0.000000] BIOS-e820: [mem 0x00000000bfed0000-0x00000000bfefefff] ACPI data
[    0.000000] BIOS-e820: [mem 0x00000000bfeff000-0x00000000bfefffff] ACPI NVS
[    0.000000] BIOS-e820: [mem 0x00000000bff00000-0x00000000bfffffff] usable
[    0.000000] BIOS-e820: [mem 0x00000000f0000000-0x00000000f7ffffff] reserved
[    0.000000] BIOS-e820: [mem 0x00000000fec00000-0x00000000fec0ffff] reserved
[    0.000000] BIOS-e820: [mem 0x00000000fee00000-0x00000000fee00fff] reserved
[    0.000000] BIOS-e820: [mem 0x00000000fffe0000-0x00000000ffffffff] reserved
[    0.000000] BIOS-e820: [mem 0x0000000100000000-0x000000013fffffff] usable
[    0.000000] NX (Execute Disable) protection: active
[    0.000000] SMBIOS 2.7 present.
[    0.000000] DMI: VMware, Inc. VMware Virtual Platform/440BX Desktop Reference Platform, BIOS 6.00 11/12/2020
[    0.000000] vmware: hypercall mode: 0x01
[    0.000000] Hypervisor detected: VMware
[    0.000000] vmware: TSC freq read from hypervisor : 2894.466 MHz
[    0.000000] vmware: Host bus clock speed read from hypervisor : 66000000 Hz
[    0.000000] vmware: using clock offset of 25894832025 ns
[    0.000023] tsc: Detected 2894.466 MHz processor
[    0.001606] e820: update [mem 0x00000000-0x00000fff] usable ==> reserved
[    0.001612] e820: remove [mem 0x000a0000-0x000fffff] usable
[    0.001618] last_pfn = 0x140000 max_arch_pfn = 0x400000000
[    0.001676] x86/PAT: Configuration [0-7]: WB  WC  UC- UC  WB  WP  UC- WT  
[    0.001691] total RAM covered: 130048M
[    0.001797] Found optimal setting for mtrr clean up
[    0.001798]  gran_size: 64K 	chunk_size: 64K 	num_reg: 7  	lose cover RAM: 0G
[    0.001843] e820: update [mem 0xc0000000-0xffffffff] usable ==> reserved
[    0.001849] last_pfn = 0xc0000 max_arch_pfn = 0x400000000
[    0.004241] found SMP MP-table at [mem 0x000f6a70-0x000f6a7f]
[    0.004261] Using GB pages for direct mapping
[    0.004423] RAMDISK: [mem 0x30737000-0x34392fff]
[    0.004430] ACPI: Early table checksum verification disabled
[    0.004434] ACPI: RSDP 0x00000000000F6A00 000024 (v02 PTLTD )
[    0.004438] ACPI: XSDT 0x00000000BFEDC633 00005C (v01 INTEL  440BX    06040000 VMW  01324272)
[    0.004443] ACPI: FACP 0x00000000BFEFEE73 0000F4 (v04 INTEL  440BX    06040000 PTL  000F4240)
[    0.004447] ACPI: DSDT 0x00000000BFEDD9E8 02148B (v01 PTLTD  Custom   06040000 MSFT 03000001)
[    0.004483] ACPI: FACS 0x00000000BFEFFFC0 000040
[    0.004487] ACPI: FACS 0x00000000BFEFFFC0 000040
[    0.004489] ACPI: BOOT 0x00000000BFEDD9C0 000028 (v01 PTLTD  $SBFTBL$ 06040000  LTP 00000001)
[    0.004492] ACPI: APIC 0x00000000BFEDD27E 000742 (v01 PTLTD  ? APIC   06040000  LTP 00000000)
[    0.004494] ACPI: MCFG 0x00000000BFEDD242 00003C (v01 PTLTD  $PCITBL$ 06040000  LTP 00000001)
[    0.004497] ACPI: SRAT 0x00000000BFEDC72F 0008D0 (v02 VMWARE MEMPLUG  06040000 VMW  00000001)
[    0.004499] ACPI: HPET 0x00000000BFEDC6F7 000038 (v01 VMWARE VMW HPET 06040000 VMW  00000001)
[    0.004501] ACPI: WAET 0x00000000BFEDC6CF 000028 (v01 VMWARE VMW WAET 06040000 VMW  00000001)
[    0.004503] ACPI: Reserving FACP table memory at [mem 0xbfefee73-0xbfefef66]
[    0.004505] ACPI: Reserving DSDT table memory at [mem 0xbfedd9e8-0xbfefee72]
[    0.004506] ACPI: Reserving FACS table memory at [mem 0xbfefffc0-0xbfefffff]
[    0.004506] ACPI: Reserving FACS table memory at [mem 0xbfefffc0-0xbfefffff]
[    0.004507] ACPI: Reserving BOOT table memory at [mem 0xbfedd9c0-0xbfedd9e7]
[    0.004508] ACPI: Reserving APIC table memory at [mem 0xbfedd27e-0xbfedd9bf]
[    0.004508] ACPI: Reserving MCFG table memory at [mem 0xbfedd242-0xbfedd27d]
[    0.004509] ACPI: Reserving SRAT table memory at [mem 0xbfedc72f-0xbfedcffe]
[    0.004510] ACPI: Reserving HPET table memory at [mem 0xbfedc6f7-0xbfedc72e]
[    0.004510] ACPI: Reserving WAET table memory at [mem 0xbfedc6cf-0xbfedc6f6]
[    0.004557] system APIC only can use physical flat
[    0.004558] Setting APIC routing to physical flat.
[    0.004629] SRAT: PXM 0 -> APIC 0x00 -> Node 0
[    0.004631] SRAT: PXM 0 -> APIC 0x02 -> Node 0
[    0.004632] SRAT: PXM 0 -> APIC 0x04 -> Node 0
[    0.004633] SRAT: PXM 0 -> APIC 0x06 -> Node 0
[    0.004633] SRAT: PXM 0 -> APIC 0x08 -> Node 0
[    0.004634] SRAT: PXM 0 -> APIC 0x0a -> Node 0
[    0.004634] SRAT: PXM 0 -> APIC 0x0c -> Node 0
[    0.004635] SRAT: PXM 0 -> APIC 0x0e -> Node 0
[    0.004635] SRAT: PXM 0 -> APIC 0x10 -> Node 0
[    0.004636] SRAT: PXM 0 -> APIC 0x12 -> Node 0
[    0.004637] SRAT: PXM 0 -> APIC 0x14 -> Node 0
[    0.004637] SRAT: PXM 0 -> APIC 0x16 -> Node 0
[    0.004638] SRAT: PXM 0 -> APIC 0x18 -> Node 0
[    0.004639] SRAT: PXM 0 -> APIC 0x1a -> Node 0
[    0.004639] SRAT: PXM 0 -> APIC 0x1c -> Node 0
[    0.004640] SRAT: PXM 0 -> APIC 0x1e -> Node 0
[    0.004640] SRAT: PXM 0 -> APIC 0x20 -> Node 0
[    0.004641] SRAT: PXM 0 -> APIC 0x22 -> Node 0
[    0.004641] SRAT: PXM 0 -> APIC 0x24 -> Node 0
[    0.004642] SRAT: PXM 0 -> APIC 0x26 -> Node 0
[    0.004643] SRAT: PXM 0 -> APIC 0x28 -> Node 0
[    0.004643] SRAT: PXM 0 -> APIC 0x2a -> Node 0
[    0.004644] SRAT: PXM 0 -> APIC 0x2c -> Node 0
[    0.004644] SRAT: PXM 0 -> APIC 0x2e -> Node 0
[    0.004645] SRAT: PXM 0 -> APIC 0x30 -> Node 0
[    0.004645] SRAT: PXM 0 -> APIC 0x32 -> Node 0
[    0.004646] SRAT: PXM 0 -> APIC 0x34 -> Node 0
[    0.004647] SRAT: PXM 0 -> APIC 0x36 -> Node 0
[    0.004647] SRAT: PXM 0 -> APIC 0x38 -> Node 0
[    0.004648] SRAT: PXM 0 -> APIC 0x3a -> Node 0
[    0.004648] SRAT: PXM 0 -> APIC 0x3c -> Node 0
[    0.004649] SRAT: PXM 0 -> APIC 0x3e -> Node 0
[    0.004649] SRAT: PXM 0 -> APIC 0x40 -> Node 0
[    0.004650] SRAT: PXM 0 -> APIC 0x42 -> Node 0
[    0.004651] SRAT: PXM 0 -> APIC 0x44 -> Node 0
[    0.004651] SRAT: PXM 0 -> APIC 0x46 -> Node 0
[    0.004652] SRAT: PXM 0 -> APIC 0x48 -> Node 0
[    0.004652] SRAT: PXM 0 -> APIC 0x4a -> Node 0
[    0.004653] SRAT: PXM 0 -> APIC 0x4c -> Node 0
[    0.004653] SRAT: PXM 0 -> APIC 0x4e -> Node 0
[    0.004654] SRAT: PXM 0 -> APIC 0x50 -> Node 0
[    0.004655] SRAT: PXM 0 -> APIC 0x52 -> Node 0
[    0.004655] SRAT: PXM 0 -> APIC 0x54 -> Node 0
[    0.004656] SRAT: PXM 0 -> APIC 0x56 -> Node 0
[    0.004656] SRAT: PXM 0 -> APIC 0x58 -> Node 0
[    0.004657] SRAT: PXM 0 -> APIC 0x5a -> Node 0
[    0.004657] SRAT: PXM 0 -> APIC 0x5c -> Node 0
[    0.004658] SRAT: PXM 0 -> APIC 0x5e -> Node 0
[    0.004658] SRAT: PXM 0 -> APIC 0x60 -> Node 0
[    0.004659] SRAT: PXM 0 -> APIC 0x62 -> Node 0
[    0.004660] SRAT: PXM 0 -> APIC 0x64 -> Node 0
[    0.004660] SRAT: PXM 0 -> APIC 0x66 -> Node 0
[    0.004661] SRAT: PXM 0 -> APIC 0x68 -> Node 0
[    0.004661] SRAT: PXM 0 -> APIC 0x6a -> Node 0
[    0.004662] SRAT: PXM 0 -> APIC 0x6c -> Node 0
[    0.004662] SRAT: PXM 0 -> APIC 0x6e -> Node 0
[    0.004663] SRAT: PXM 0 -> APIC 0x70 -> Node 0
[    0.004664] SRAT: PXM 0 -> APIC 0x72 -> Node 0
[    0.004664] SRAT: PXM 0 -> APIC 0x74 -> Node 0
[    0.004665] SRAT: PXM 0 -> APIC 0x76 -> Node 0
[    0.004665] SRAT: PXM 0 -> APIC 0x78 -> Node 0
[    0.004666] SRAT: PXM 0 -> APIC 0x7a -> Node 0
[    0.004666] SRAT: PXM 0 -> APIC 0x7c -> Node 0
[    0.004667] SRAT: PXM 0 -> APIC 0x7e -> Node 0
[    0.004668] SRAT: PXM 0 -> APIC 0x80 -> Node 0
[    0.004668] SRAT: PXM 0 -> APIC 0x82 -> Node 0
[    0.004669] SRAT: PXM 0 -> APIC 0x84 -> Node 0
[    0.004669] SRAT: PXM 0 -> APIC 0x86 -> Node 0
[    0.004670] SRAT: PXM 0 -> APIC 0x88 -> Node 0
[    0.004670] SRAT: PXM 0 -> APIC 0x8a -> Node 0
[    0.004671] SRAT: PXM 0 -> APIC 0x8c -> Node 0
[    0.004672] SRAT: PXM 0 -> APIC 0x8e -> Node 0
[    0.004672] SRAT: PXM 0 -> APIC 0x90 -> Node 0
[    0.004673] SRAT: PXM 0 -> APIC 0x92 -> Node 0
[    0.004673] SRAT: PXM 0 -> APIC 0x94 -> Node 0
[    0.004674] SRAT: PXM 0 -> APIC 0x96 -> Node 0
[    0.004674] SRAT: PXM 0 -> APIC 0x98 -> Node 0
[    0.004675] SRAT: PXM 0 -> APIC 0x9a -> Node 0
[    0.004675] SRAT: PXM 0 -> APIC 0x9c -> Node 0
[    0.004676] SRAT: PXM 0 -> APIC 0x9e -> Node 0
[    0.004677] SRAT: PXM 0 -> APIC 0xa0 -> Node 0
[    0.004677] SRAT: PXM 0 -> APIC 0xa2 -> Node 0
[    0.004678] SRAT: PXM 0 -> APIC 0xa4 -> Node 0
[    0.004678] SRAT: PXM 0 -> APIC 0xa6 -> Node 0
[    0.004679] SRAT: PXM 0 -> APIC 0xa8 -> Node 0
[    0.004679] SRAT: PXM 0 -> APIC 0xaa -> Node 0
[    0.004680] SRAT: PXM 0 -> APIC 0xac -> Node 0
[    0.004681] SRAT: PXM 0 -> APIC 0xae -> Node 0
[    0.004681] SRAT: PXM 0 -> APIC 0xb0 -> Node 0
[    0.004682] SRAT: PXM 0 -> APIC 0xb2 -> Node 0
[    0.004682] SRAT: PXM 0 -> APIC 0xb4 -> Node 0
[    0.004683] SRAT: PXM 0 -> APIC 0xb6 -> Node 0
[    0.004683] SRAT: PXM 0 -> APIC 0xb8 -> Node 0
[    0.004684] SRAT: PXM 0 -> APIC 0xba -> Node 0
[    0.004685] SRAT: PXM 0 -> APIC 0xbc -> Node 0
[    0.004685] SRAT: PXM 0 -> APIC 0xbe -> Node 0
[    0.004686] SRAT: PXM 0 -> APIC 0xc0 -> Node 0
[    0.004686] SRAT: PXM 0 -> APIC 0xc2 -> Node 0
[    0.004687] SRAT: PXM 0 -> APIC 0xc4 -> Node 0
[    0.004687] SRAT: PXM 0 -> APIC 0xc6 -> Node 0
[    0.004688] SRAT: PXM 0 -> APIC 0xc8 -> Node 0
[    0.004689] SRAT: PXM 0 -> APIC 0xca -> Node 0
[    0.004689] SRAT: PXM 0 -> APIC 0xcc -> Node 0
[    0.004690] SRAT: PXM 0 -> APIC 0xce -> Node 0
[    0.004690] SRAT: PXM 0 -> APIC 0xd0 -> Node 0
[    0.004691] SRAT: PXM 0 -> APIC 0xd2 -> Node 0
[    0.004691] SRAT: PXM 0 -> APIC 0xd4 -> Node 0
[    0.004692] SRAT: PXM 0 -> APIC 0xd6 -> Node 0
[    0.004693] SRAT: PXM 0 -> APIC 0xd8 -> Node 0
[    0.004693] SRAT: PXM 0 -> APIC 0xda -> Node 0
[    0.004694] SRAT: PXM 0 -> APIC 0xdc -> Node 0
[    0.004694] SRAT: PXM 0 -> APIC 0xde -> Node 0
[    0.004695] SRAT: PXM 0 -> APIC 0xe0 -> Node 0
[    0.004695] SRAT: PXM 0 -> APIC 0xe2 -> Node 0
[    0.004696] SRAT: PXM 0 -> APIC 0xe4 -> Node 0
[    0.004696] SRAT: PXM 0 -> APIC 0xe6 -> Node 0
[    0.004697] SRAT: PXM 0 -> APIC 0xe8 -> Node 0
[    0.004698] SRAT: PXM 0 -> APIC 0xea -> Node 0
[    0.004698] SRAT: PXM 0 -> APIC 0xec -> Node 0
[    0.004699] SRAT: PXM 0 -> APIC 0xee -> Node 0
[    0.004699] SRAT: PXM 0 -> APIC 0xf0 -> Node 0
[    0.004700] SRAT: PXM 0 -> APIC 0xf2 -> Node 0
[    0.004700] SRAT: PXM 0 -> APIC 0xf4 -> Node 0
[    0.004701] SRAT: PXM 0 -> APIC 0xf6 -> Node 0
[    0.004702] SRAT: PXM 0 -> APIC 0xf8 -> Node 0
[    0.004702] SRAT: PXM 0 -> APIC 0xfa -> Node 0
[    0.004703] SRAT: PXM 0 -> APIC 0xfc -> Node 0
[    0.004703] SRAT: PXM 0 -> APIC 0xfe -> Node 0
[    0.004705] ACPI: SRAT: Node 0 PXM 0 [mem 0x00000000-0x0009ffff]
[    0.004707] ACPI: SRAT: Node 0 PXM 0 [mem 0x00100000-0xbfffffff]
[    0.004708] ACPI: SRAT: Node 0 PXM 0 [mem 0x100000000-0x13fffffff]
[    0.004709] ACPI: SRAT: Node 0 PXM 0 [mem 0x140000000-0x103fffffff] hotplug
[    0.004711] NUMA: Node 0 [mem 0x00000000-0x0009ffff] + [mem 0x00100000-0xbfffffff] -> [mem 0x00000000-0xbfffffff]
[    0.004712] NUMA: Node 0 [mem 0x00000000-0xbfffffff] + [mem 0x100000000-0x13fffffff] -> [mem 0x00000000-0x13fffffff]
[    0.004720] NODE_DATA(0) allocated [mem 0x13ffd6000-0x13fffffff]
[    0.005810] Zone ranges:
[    0.005811]   DMA      [mem 0x0000000000001000-0x0000000000ffffff]
[    0.005813]   DMA32    [mem 0x0000000001000000-0x00000000ffffffff]
[    0.005815]   Normal   [mem 0x0000000100000000-0x000000013fffffff]
[    0.005816]   Device   empty
[    0.005817] Movable zone start for each node
[    0.005819] Early memory node ranges
[    0.005819]   node   0: [mem 0x0000000000001000-0x000000000009dfff]
[    0.005820]   node   0: [mem 0x0000000000100000-0x00000000bfecffff]
[    0.005821]   node   0: [mem 0x00000000bff00000-0x00000000bfffffff]
[    0.005822]   node   0: [mem 0x0000000100000000-0x000000013fffffff]
[    0.005823] Initmem setup node 0 [mem 0x0000000000001000-0x000000013fffffff]
[    0.005882] On node 0, zone DMA: 1 pages in unavailable ranges
[    0.006933] On node 0, zone DMA: 98 pages in unavailable ranges
[    0.216802] On node 0, zone DMA32: 48 pages in unavailable ranges
[    0.301827] ACPI: PM-Timer IO Port: 0x1008
[    0.301838] system APIC only can use physical flat
[    0.301846] ACPI: LAPIC_NMI (acpi_id[0x00] high edge lint[0x1])
[    0.301848] ACPI: LAPIC_NMI (acpi_id[0x01] high edge lint[0x1])
[    0.301849] ACPI: LAPIC_NMI (acpi_id[0x02] high edge lint[0x1])
[    0.301850] ACPI: LAPIC_NMI (acpi_id[0x03] high edge lint[0x1])
[    0.301850] ACPI: LAPIC_NMI (acpi_id[0x04] high edge lint[0x1])
[    0.301851] ACPI: LAPIC_NMI (acpi_id[0x05] high edge lint[0x1])
[    0.301851] ACPI: LAPIC_NMI (acpi_id[0x06] high edge lint[0x1])
[    0.301852] ACPI: LAPIC_NMI (acpi_id[0x07] high edge lint[0x1])
[    0.301853] ACPI: LAPIC_NMI (acpi_id[0x08] high edge lint[0x1])
[    0.301853] ACPI: LAPIC_NMI (acpi_id[0x09] high edge lint[0x1])
[    0.301854] ACPI: LAPIC_NMI (acpi_id[0x0a] high edge lint[0x1])
[    0.301854] ACPI: LAPIC_NMI (acpi_id[0x0b] high edge lint[0x1])
[    0.301855] ACPI: LAPIC_NMI (acpi_id[0x0c] high edge lint[0x1])
[    0.301856] ACPI: LAPIC_NMI (acpi_id[0x0d] high edge lint[0x1])
[    0.301856] ACPI: LAPIC_NMI (acpi_id[0x0e] high edge lint[0x1])
[    0.301857] ACPI: LAPIC_NMI (acpi_id[0x0f] high edge lint[0x1])
[    0.301857] ACPI: LAPIC_NMI (acpi_id[0x10] high edge lint[0x1])
[    0.301858] ACPI: LAPIC_NMI (acpi_id[0x11] high edge lint[0x1])
[    0.301859] ACPI: LAPIC_NMI (acpi_id[0x12] high edge lint[0x1])
[    0.301859] ACPI: LAPIC_NMI (acpi_id[0x13] high edge lint[0x1])
[    0.301860] ACPI: LAPIC_NMI (acpi_id[0x14] high edge lint[0x1])
[    0.301860] ACPI: LAPIC_NMI (acpi_id[0x15] high edge lint[0x1])
[    0.301861] ACPI: LAPIC_NMI (acpi_id[0x16] high edge lint[0x1])
[    0.301862] ACPI: LAPIC_NMI (acpi_id[0x17] high edge lint[0x1])
[    0.301862] ACPI: LAPIC_NMI (acpi_id[0x18] high edge lint[0x1])
[    0.301863] ACPI: LAPIC_NMI (acpi_id[0x19] high edge lint[0x1])
[    0.301863] ACPI: LAPIC_NMI (acpi_id[0x1a] high edge lint[0x1])
[    0.301864] ACPI: LAPIC_NMI (acpi_id[0x1b] high edge lint[0x1])
[    0.301865] ACPI: LAPIC_NMI (acpi_id[0x1c] high edge lint[0x1])
[    0.301865] ACPI: LAPIC_NMI (acpi_id[0x1d] high edge lint[0x1])
[    0.301866] ACPI: LAPIC_NMI (acpi_id[0x1e] high edge lint[0x1])
[    0.301866] ACPI: LAPIC_NMI (acpi_id[0x1f] high edge lint[0x1])
[    0.301867] ACPI: LAPIC_NMI (acpi_id[0x20] high edge lint[0x1])
[    0.301868] ACPI: LAPIC_NMI (acpi_id[0x21] high edge lint[0x1])
[    0.301868] ACPI: LAPIC_NMI (acpi_id[0x22] high edge lint[0x1])
[    0.301869] ACPI: LAPIC_NMI (acpi_id[0x23] high edge lint[0x1])
[    0.301869] ACPI: LAPIC_NMI (acpi_id[0x24] high edge lint[0x1])
[    0.301870] ACPI: LAPIC_NMI (acpi_id[0x25] high edge lint[0x1])
[    0.301871] ACPI: LAPIC_NMI (acpi_id[0x26] high edge lint[0x1])
[    0.301871] ACPI: LAPIC_NMI (acpi_id[0x27] high edge lint[0x1])
[    0.301872] ACPI: LAPIC_NMI (acpi_id[0x28] high edge lint[0x1])
[    0.301872] ACPI: LAPIC_NMI (acpi_id[0x29] high edge lint[0x1])
[    0.301873] ACPI: LAPIC_NMI (acpi_id[0x2a] high edge lint[0x1])
[    0.301874] ACPI: LAPIC_NMI (acpi_id[0x2b] high edge lint[0x1])
[    0.301874] ACPI: LAPIC_NMI (acpi_id[0x2c] high edge lint[0x1])
[    0.301875] ACPI: LAPIC_NMI (acpi_id[0x2d] high edge lint[0x1])
[    0.301875] ACPI: LAPIC_NMI (acpi_id[0x2e] high edge lint[0x1])
[    0.301876] ACPI: LAPIC_NMI (acpi_id[0x2f] high edge lint[0x1])
[    0.301876] ACPI: LAPIC_NMI (acpi_id[0x30] high edge lint[0x1])
[    0.301877] ACPI: LAPIC_NMI (acpi_id[0x31] high edge lint[0x1])
[    0.301878] ACPI: LAPIC_NMI (acpi_id[0x32] high edge lint[0x1])
[    0.301878] ACPI: LAPIC_NMI (acpi_id[0x33] high edge lint[0x1])
[    0.301879] ACPI: LAPIC_NMI (acpi_id[0x34] high edge lint[0x1])
[    0.301879] ACPI: LAPIC_NMI (acpi_id[0x35] high edge lint[0x1])
[    0.301880] ACPI: LAPIC_NMI (acpi_id[0x36] high edge lint[0x1])
[    0.301881] ACPI: LAPIC_NMI (acpi_id[0x37] high edge lint[0x1])
[    0.301881] ACPI: LAPIC_NMI (acpi_id[0x38] high edge lint[0x1])
[    0.301882] ACPI: LAPIC_NMI (acpi_id[0x39] high edge lint[0x1])
[    0.301882] ACPI: LAPIC_NMI (acpi_id[0x3a] high edge lint[0x1])
[    0.301883] ACPI: LAPIC_NMI (acpi_id[0x3b] high edge lint[0x1])
[    0.301884] ACPI: LAPIC_NMI (acpi_id[0x3c] high edge lint[0x1])
[    0.301884] ACPI: LAPIC_NMI (acpi_id[0x3d] high edge lint[0x1])
[    0.301885] ACPI: LAPIC_NMI (acpi_id[0x3e] high edge lint[0x1])
[    0.301885] ACPI: LAPIC_NMI (acpi_id[0x3f] high edge lint[0x1])
[    0.301886] ACPI: LAPIC_NMI (acpi_id[0x40] high edge lint[0x1])
[    0.301887] ACPI: LAPIC_NMI (acpi_id[0x41] high edge lint[0x1])
[    0.301887] ACPI: LAPIC_NMI (acpi_id[0x42] high edge lint[0x1])
[    0.301888] ACPI: LAPIC_NMI (acpi_id[0x43] high edge lint[0x1])
[    0.301888] ACPI: LAPIC_NMI (acpi_id[0x44] high edge lint[0x1])
[    0.301889] ACPI: LAPIC_NMI (acpi_id[0x45] high edge lint[0x1])
[    0.301890] ACPI: LAPIC_NMI (acpi_id[0x46] high edge lint[0x1])
[    0.301890] ACPI: LAPIC_NMI (acpi_id[0x47] high edge lint[0x1])
[    0.301891] ACPI: LAPIC_NMI (acpi_id[0x48] high edge lint[0x1])
[    0.301891] ACPI: LAPIC_NMI (acpi_id[0x49] high edge lint[0x1])
[    0.301892] ACPI: LAPIC_NMI (acpi_id[0x4a] high edge lint[0x1])
[    0.301893] ACPI: LAPIC_NMI (acpi_id[0x4b] high edge lint[0x1])
[    0.301893] ACPI: LAPIC_NMI (acpi_id[0x4c] high edge lint[0x1])
[    0.301894] ACPI: LAPIC_NMI (acpi_id[0x4d] high edge lint[0x1])
[    0.301894] ACPI: LAPIC_NMI (acpi_id[0x4e] high edge lint[0x1])
[    0.301895] ACPI: LAPIC_NMI (acpi_id[0x4f] high edge lint[0x1])
[    0.301896] ACPI: LAPIC_NMI (acpi_id[0x50] high edge lint[0x1])
[    0.301896] ACPI: LAPIC_NMI (acpi_id[0x51] high edge lint[0x1])
[    0.301897] ACPI: LAPIC_NMI (acpi_id[0x52] high edge lint[0x1])
[    0.301897] ACPI: LAPIC_NMI (acpi_id[0x53] high edge lint[0x1])
[    0.301898] ACPI: LAPIC_NMI (acpi_id[0x54] high edge lint[0x1])
[    0.301898] ACPI: LAPIC_NMI (acpi_id[0x55] high edge lint[0x1])
[    0.301899] ACPI: LAPIC_NMI (acpi_id[0x56] high edge lint[0x1])
[    0.301900] ACPI: LAPIC_NMI (acpi_id[0x57] high edge lint[0x1])
[    0.301900] ACPI: LAPIC_NMI (acpi_id[0x58] high edge lint[0x1])
[    0.301901] ACPI: LAPIC_NMI (acpi_id[0x59] high edge lint[0x1])
[    0.301902] ACPI: LAPIC_NMI (acpi_id[0x5a] high edge lint[0x1])
[    0.301902] ACPI: LAPIC_NMI (acpi_id[0x5b] high edge lint[0x1])
[    0.301903] ACPI: LAPIC_NMI (acpi_id[0x5c] high edge lint[0x1])
[    0.301903] ACPI: LAPIC_NMI (acpi_id[0x5d] high edge lint[0x1])
[    0.301904] ACPI: LAPIC_NMI (acpi_id[0x5e] high edge lint[0x1])
[    0.301904] ACPI: LAPIC_NMI (acpi_id[0x5f] high edge lint[0x1])
[    0.301905] ACPI: LAPIC_NMI (acpi_id[0x60] high edge lint[0x1])
[    0.301906] ACPI: LAPIC_NMI (acpi_id[0x61] high edge lint[0x1])
[    0.301906] ACPI: LAPIC_NMI (acpi_id[0x62] high edge lint[0x1])
[    0.301907] ACPI: LAPIC_NMI (acpi_id[0x63] high edge lint[0x1])
[    0.301907] ACPI: LAPIC_NMI (acpi_id[0x64] high edge lint[0x1])
[    0.301908] ACPI: LAPIC_NMI (acpi_id[0x65] high edge lint[0x1])
[    0.301909] ACPI: LAPIC_NMI (acpi_id[0x66] high edge lint[0x1])
[    0.301909] ACPI: LAPIC_NMI (acpi_id[0x67] high edge lint[0x1])
[    0.301910] ACPI: LAPIC_NMI (acpi_id[0x68] high edge lint[0x1])
[    0.301910] ACPI: LAPIC_NMI (acpi_id[0x69] high edge lint[0x1])
[    0.301911] ACPI: LAPIC_NMI (acpi_id[0x6a] high edge lint[0x1])
[    0.301912] ACPI: LAPIC_NMI (acpi_id[0x6b] high edge lint[0x1])
[    0.301912] ACPI: LAPIC_NMI (acpi_id[0x6c] high edge lint[0x1])
[    0.301913] ACPI: LAPIC_NMI (acpi_id[0x6d] high edge lint[0x1])
[    0.301913] ACPI: LAPIC_NMI (acpi_id[0x6e] high edge lint[0x1])
[    0.301914] ACPI: LAPIC_NMI (acpi_id[0x6f] high edge lint[0x1])
[    0.301915] ACPI: LAPIC_NMI (acpi_id[0x70] high edge lint[0x1])
[    0.301915] ACPI: LAPIC_NMI (acpi_id[0x71] high edge lint[0x1])
[    0.301916] ACPI: LAPIC_NMI (acpi_id[0x72] high edge lint[0x1])
[    0.301916] ACPI: LAPIC_NMI (acpi_id[0x73] high edge lint[0x1])
[    0.301917] ACPI: LAPIC_NMI (acpi_id[0x74] high edge lint[0x1])
[    0.301918] ACPI: LAPIC_NMI (acpi_id[0x75] high edge lint[0x1])
[    0.301918] ACPI: LAPIC_NMI (acpi_id[0x76] high edge lint[0x1])
[    0.301919] ACPI: LAPIC_NMI (acpi_id[0x77] high edge lint[0x1])
[    0.301919] ACPI: LAPIC_NMI (acpi_id[0x78] high edge lint[0x1])
[    0.301920] ACPI: LAPIC_NMI (acpi_id[0x79] high edge lint[0x1])
[    0.301921] ACPI: LAPIC_NMI (acpi_id[0x7a] high edge lint[0x1])
[    0.301921] ACPI: LAPIC_NMI (acpi_id[0x7b] high edge lint[0x1])
[    0.301922] ACPI: LAPIC_NMI (acpi_id[0x7c] high edge lint[0x1])
[    0.301922] ACPI: LAPIC_NMI (acpi_id[0x7d] high edge lint[0x1])
[    0.301923] ACPI: LAPIC_NMI (acpi_id[0x7e] high edge lint[0x1])
[    0.301924] ACPI: LAPIC_NMI (acpi_id[0x7f] high edge lint[0x1])
[    0.302089] IOAPIC[0]: apic_id 1, version 32, address 0xfec00000, GSI 0-23
[    0.302095] ACPI: INT_SRC_OVR (bus 0 bus_irq 0 global_irq 2 high edge)
[    0.302100] ACPI: Using ACPI (MADT) for SMP configuration information
[    0.302101] ACPI: HPET id: 0x8086af01 base: 0xfed00000
[    0.302137] smpboot: Allowing 128 CPUs, 126 hotplug CPUs
[    0.302151] PM: hibernation: Registered nosave memory: [mem 0x00000000-0x00000fff]
[    0.302153] PM: hibernation: Registered nosave memory: [mem 0x0009e000-0x0009efff]
[    0.302154] PM: hibernation: Registered nosave memory: [mem 0x0009f000-0x0009ffff]
[    0.302155] PM: hibernation: Registered nosave memory: [mem 0x000a0000-0x000dbfff]
[    0.302155] PM: hibernation: Registered nosave memory: [mem 0x000dc000-0x000fffff]
[    0.302156] PM: hibernation: Registered nosave memory: [mem 0xbfed0000-0xbfefefff]
[    0.302157] PM: hibernation: Registered nosave memory: [mem 0xbfeff000-0xbfefffff]
[    0.302190] PM: hibernation: Registered nosave memory: [mem 0xc0000000-0xefffffff]
[    0.302192] PM: hibernation: Registered nosave memory: [mem 0xf0000000-0xf7ffffff]
[    0.302193] PM: hibernation: Registered nosave memory: [mem 0xf8000000-0xfebfffff]
[    0.302193] PM: hibernation: Registered nosave memory: [mem 0xfec00000-0xfec0ffff]
[    0.302194] PM: hibernation: Registered nosave memory: [mem 0xfec10000-0xfedfffff]
[    0.302195] PM: hibernation: Registered nosave memory: [mem 0xfee00000-0xfee00fff]
[    0.302195] PM: hibernation: Registered nosave memory: [mem 0xfee01000-0xfffdffff]
[    0.302196] PM: hibernation: Registered nosave memory: [mem 0xfffe0000-0xffffffff]
[    0.302197] [mem 0xc0000000-0xefffffff] available for PCI devices
[    0.302198] Booting paravirtualized kernel on VMware hypervisor
[    0.302201] clocksource: refined-jiffies: mask: 0xffffffff max_cycles: 0xffffffff, max_idle_ns: 7645519600211568 ns
[    0.302208] setup_percpu: NR_CPUS:8192 nr_cpumask_bits:128 nr_cpu_ids:128 nr_node_ids:1
[    0.448313] percpu: Embedded 60 pages/cpu s208896 r8192 d28672 u262144
[    0.448336] pcpu-alloc: s208896 r8192 d28672 u262144 alloc=1*2097152
[    0.448339] pcpu-alloc: [0] 000 001 002 003 004 005 006 007 
[    0.448344] pcpu-alloc: [0] 008 009 010 011 012 013 014 015 
[    0.448348] pcpu-alloc: [0] 016 017 018 019 020 021 022 023 
[    0.448352] pcpu-alloc: [0] 024 025 026 027 028 029 030 031 
[    0.448356] pcpu-alloc: [0] 032 033 034 035 036 037 038 039 
[    0.448360] pcpu-alloc: [0] 040 041 042 043 044 045 046 047 
[    0.448363] pcpu-alloc: [0] 048 049 050 051 052 053 054 055 
[    0.448367] pcpu-alloc: [0] 056 057 058 059 060 061 062 063 
[    0.448371] pcpu-alloc: [0] 064 065 066 067 068 069 070 071 
[    0.448375] pcpu-alloc: [0] 072 073 074 075 076 077 078 079 
[    0.448379] pcpu-alloc: [0] 080 081 082 083 084 085 086 087 
[    0.448383] pcpu-alloc: [0] 088 089 090 091 092 093 094 095 
[    0.448387] pcpu-alloc: [0] 096 097 098 099 100 101 102 103 
[    0.448391] pcpu-alloc: [0] 104 105 106 107 108 109 110 111 
[    0.448394] pcpu-alloc: [0] 112 113 114 115 116 117 118 119 
[    0.448398] pcpu-alloc: [0] 120 121 122 123 124 125 126 127 
[    0.448593] Built 1 zonelists, mobility grouping on.  Total pages: 1031888
[    0.448596] Policy zone: Normal
[    0.448601] Kernel command line: BOOT_IMAGE=/boot/vmlinuz-5.15.0-48-generic root=UUID=28d3470b-2897-45e7-9dce-eb1adab22575 ro find_preseed=/preseed.cfg auto noprompt priority=critical locale=en_US quiet splash
[    0.448745] Unknown kernel command line parameters "auto noprompt splash BOOT_IMAGE=/boot/vmlinuz-5.15.0-48-generic find_preseed=/preseed.cfg priority=critical locale=en_US", will be passed to user space.
[    0.448748] printk: log_buf_len individual max cpu contribution: 4096 bytes
[    0.448749] printk: log_buf_len total cpu_extra contributions: 520192 bytes
[    0.448750] printk: log_buf_len min size: 262144 bytes
[    0.469405] printk: log_buf_len: 1048576 bytes
[    0.469414] printk: early log buf free: 237624(90%)
[    0.487032] Dentry cache hash table entries: 524288 (order: 10, 4194304 bytes, linear)
[    0.495692] Inode-cache hash table entries: 262144 (order: 9, 2097152 bytes, linear)
[    0.496810] mem auto-init: stack:off, heap alloc:on, heap free:off
[    0.667776] Memory: 3912296K/4193716K available (16393K kernel code, 4377K rwdata, 10804K rodata, 3224K init, 6580K bss, 281160K reserved, 0K cma-reserved)
[    0.670532] SLUB: HWalign=64, Order=0-3, MinObjects=0, CPUs=128, Nodes=1
[    0.670668] ftrace: allocating 50485 entries in 198 pages
[    0.690689] ftrace: allocated 198 pages with 4 groups
[    0.692803] rcu: Hierarchical RCU implementation.
[    0.692805] rcu: 	RCU restricting CPUs from NR_CPUS=8192 to nr_cpu_ids=128.
[    0.692806] 	Rude variant of Tasks RCU enabled.
[    0.692807] 	Tracing variant of Tasks RCU enabled.
[    0.692807] rcu: RCU calculated value of scheduler-enlistment delay is 25 jiffies.
[    0.692808] rcu: Adjusting geometry for rcu_fanout_leaf=16, nr_cpu_ids=128
[    0.698933] NR_IRQS: 524544, nr_irqs: 1448, preallocated irqs: 16
[    0.699990] random: crng init done
[    0.727621] Console: colour VGA+ 80x25
[    0.727643] printk: console [tty0] enabled
[    0.727879] ACPI: Core revision 20210730
[    0.729740] clocksource: hpet: mask: 0xffffffff max_cycles: 0xffffffff, max_idle_ns: 133484882848 ns
[    0.730078] APIC: Switch to symmetric I/O mode setup
[    0.730923] x2apic enabled
[    0.731386] Switched APIC routing to physical x2apic.
[    0.734673] ..TIMER: vector=0x30 apic1=0 pin1=2 apic2=-1 pin2=-1
[    0.734761] clocksource: tsc-early: mask: 0xffffffffffffffff max_cycles: 0x29b8d76bd05, max_idle_ns: 440795337609 ns
[    0.734788] Calibrating delay loop (skipped) preset value.. 5788.93 BogoMIPS (lpj=11577866)
[    0.734791] pid_max: default: 131072 minimum: 1024
[    0.734975] LSM: Security Framework initializing
[    0.735000] landlock: Up and running.
[    0.735001] Yama: becoming mindful.
[    0.735243] AppArmor: AppArmor initialized
[    0.735655] Mount-cache hash table entries: 8192 (order: 4, 65536 bytes, linear)
[    0.735940] Mountpoint-cache hash table entries: 8192 (order: 4, 65536 bytes, linear)
[    0.739080] x86/cpu: User Mode Instruction Prevention (UMIP) activated
[    0.739206] unchecked MSR access error: RDMSR from 0x852 at rIP: 0xffffffffaec95f68 (native_read_msr+0x8/0x40)
[    0.739218] Call Trace:
[    0.739221]  <TASK>
[    0.739224]  native_apic_msr_read+0x1c/0x30
[    0.739228]  setup_APIC_eilvt+0x5c/0x1c0
[    0.739231]  mce_amd_feature_init+0x280/0x2f0
[    0.739234]  __mcheck_cpu_init_vendor+0x70/0xe0
[    0.739236]  mcheck_cpu_init+0x12d/0x270
[    0.739238]  identify_cpu+0x376/0x690
[    0.739240]  ? pmd_val+0xb/0x20
[    0.739243]  identify_boot_cpu+0x10/0x9e
[    0.739248]  check_bugs+0x11/0x3f7
[    0.739249]  start_kernel+0x49a/0x4ca
[    0.739252]  x86_64_start_reservations+0x24/0x2a
[    0.739253]  x86_64_start_kernel+0xe4/0xef
[    0.739254]  secondary_startup_64_no_verify+0xc2/0xcb
[    0.739258]  </TASK>
[    0.739259] LVT offset 2 assigned for vector 0xf4
[    0.739260] [Firmware Bug]: cpu 0, try to use APIC520 (LVT offset 2) for vector 0xf4, but the register is already in use for vector 0x0 on this cpu
[    0.741469] Last level iTLB entries: 4KB 1024, 2MB 1024, 4MB 512
[    0.741471] Last level dTLB entries: 4KB 2048, 2MB 2048, 4MB 1024, 1GB 0
[    0.741479] Spectre V1 : Mitigation: usercopy/swapgs barriers and __user pointer sanitization
[    0.741483] Spectre V2 : Mitigation: Retpolines
[    0.741483] Spectre V2 : Spectre v2 / SpectreRSB mitigation: Filling RSB on context switch
[    0.741484] RETBleed: Mitigation: untrained return thunk
[    0.741486] Spectre V2 : mitigation: Enabling conditional Indirect Branch Prediction Barrier
[    0.741488] Speculative Store Bypass: Mitigation: Speculative Store Bypass disabled via prctl and seccomp
[    0.751002] Freeing SMP alternatives memory: 40K
[    0.755850] smpboot: CPU0: AMD Ryzen 7 4800H with Radeon Graphics (family: 0x17, model: 0x60, stepping: 0x1)
[    0.759649] Performance Events: AMD PMU driver.
[    0.759766] ... version:                0
[    0.759767] ... bit width:              48
[    0.759768] ... generic registers:      4
[    0.759768] ... value mask:             0000ffffffffffff
[    0.759769] ... max period:             00007fffffffffff
[    0.759769] ... fixed-purpose events:   0
[    0.759770] ... event mask:             000000000000000f
[    0.760006] rcu: Hierarchical SRCU implementation.
[    0.761412] NMI watchdog: Enabled. Permanently consumes one hw-PMU counter.
[    0.779218] smp: Bringing up secondary CPUs ...
[    0.780538] x86: Booting SMP configuration:
[    0.780540] .... node  #0, CPUs:          #1
[    0.038818] Call Trace:
[    0.038818]  <TASK>
[    0.038818]  native_apic_msr_read+0x1a/0x30
[    0.038818]  setup_APIC_eilvt+0x5c/0x1c0
[    0.038818]  mce_amd_feature_init+0x280/0x2f0
[    0.038818]  __mcheck_cpu_init_vendor+0x70/0xe0
[    0.038818]  mcheck_cpu_init+0x12d/0x270
[    0.038818]  identify_cpu+0x376/0x690
[    0.038818]  identify_secondary_cpu+0x18/0x90
[    0.038818]  smp_store_cpu_info+0x5a/0x80
[    0.038818]  start_secondary+0x53/0x180
[    0.038818]  secondary_startup_64_no_verify+0xc2/0xcb
[    0.038818]  </TASK>
[    0.038818] [Firmware Bug]: cpu 1, try to use APIC520 (LVT offset 2) for vector 0xf4, but the register is already in use for vector 0x0 on this cpu
[    0.038818] smpboot: CPU 1 Converting physical 2 to logical package 1
[    0.038818] smpboot: CPU 1 Converting physical 0 to logical die 1
[    0.783452] smp: Brought up 1 node, 2 CPUs
[    0.785139] smpboot: Max logical packages: 128
[    0.785142] smpboot: Total of 2 processors activated (11577.86 BogoMIPS)
[    0.787542] devtmpfs: initialized
[    0.787542] x86/mm: Memory block size: 128MB
[    0.790871] ACPI: PM: Registering ACPI NVS region [mem 0xbfeff000-0xbfefffff] (4096 bytes)
[    0.791071] clocksource: jiffies: mask: 0xffffffff max_cycles: 0xffffffff, max_idle_ns: 7645041785100000 ns
[    0.800469] futex hash table entries: 32768 (order: 9, 2097152 bytes, linear)
[    0.801535] pinctrl core: initialized pinctrl subsystem
[    0.802069] PM: RTC time: 11:55:43, date: 2022-11-16
[    0.803117] NET: Registered PF_NETLINK/PF_ROUTE protocol family
[    0.805635] DMA: preallocated 512 KiB GFP_KERNEL pool for atomic allocations
[    0.805801] DMA: preallocated 512 KiB GFP_KERNEL|GFP_DMA pool for atomic allocations
[    0.805935] DMA: preallocated 512 KiB GFP_KERNEL|GFP_DMA32 pool for atomic allocations
[    0.805959] audit: initializing netlink subsys (disabled)
[    0.806819] audit: type=2000 audit(1668599743.072:1): state=initialized audit_enabled=0 res=1
[    0.807434] thermal_sys: Registered thermal governor 'fair_share'
[    0.807436] thermal_sys: Registered thermal governor 'bang_bang'
[    0.807437] thermal_sys: Registered thermal governor 'step_wise'
[    0.807438] thermal_sys: Registered thermal governor 'user_space'
[    0.807438] thermal_sys: Registered thermal governor 'power_allocator'
[    0.807466] EISA bus registered
[    0.807670] cpuidle: using governor ladder
[    0.807670] cpuidle: using governor menu
[    0.807819] Simple Boot Flag at 0x36 set to 0x80
[    0.807819] ACPI: bus type PCI registered
[    0.807819] acpiphp: ACPI Hot Plug PCI Controller Driver version: 0.5
[    0.807819] PCI: MMCONFIG for domain 0000 [bus 00-7f] at [mem 0xf0000000-0xf7ffffff] (base 0xf0000000)
[    0.807819] PCI: MMCONFIG at [mem 0xf0000000-0xf7ffffff] reserved in E820
[    0.807819] PCI: Using configuration type 1 for base access
[    0.812292] Kprobes globally optimized
[    0.812559] HugeTLB registered 1.00 GiB page size, pre-allocated 0 pages
[    0.812559] HugeTLB registered 2.00 MiB page size, pre-allocated 0 pages
[    0.831288] ACPI: Added _OSI(Module Device)
[    0.831288] ACPI: Added _OSI(Processor Device)
[    0.831288] ACPI: Added _OSI(3.0 _SCP Extensions)
[    0.831288] ACPI: Added _OSI(Processor Aggregator Device)
[    0.831288] ACPI: Added _OSI(Linux-Dell-Video)
[    0.831288] ACPI: Added _OSI(Linux-Lenovo-NV-HDMI-Audio)
[    0.831288] ACPI: Added _OSI(Linux-HPI-Hybrid-Graphics)
[    0.864626] ACPI: 1 ACPI AML tables successfully acquired and loaded
[    0.868165] ACPI: [Firmware Bug]: BIOS _OSI(Linux) query ignored
[    0.895459] ACPI: Interpreter enabled
[    0.895474] ACPI: PM: (supports S0 S1 S4 S5)
[    0.895476] ACPI: Using IOAPIC for interrupt routing
[    0.895505] PCI: Using host bridge windows from ACPI; if necessary, use "pci=nocrs" and report a bug
[    0.895505] PCI: Using E820 reservations for host bridge windows
[    0.897342] ACPI: Enabled 4 GPEs in block 00 to 0F
[    1.149939] ACPI: PCI Root Bridge [PCI0] (domain 0000 [bus 00-7f])
[    1.149949] acpi PNP0A03:00: _OSC: OS supports [ExtendedConfig ASPM ClockPM Segments MSI EDR HPX-Type3]
[    1.150193] acpi PNP0A03:00: _OSC: platform does not support [AER LTR DPC]
[    1.150463] acpi PNP0A03:00: _OSC: OS now controls [PCIeHotplug SHPCHotplug PME PCIeCapability]
[    1.153834] PCI host bridge to bus 0000:00
[    1.153838] pci_bus 0000:00: root bus resource [bus 00-7f]
[    1.153840] pci_bus 0000:00: root bus resource [io  0x0000-0x0cf7 window]
[    1.153841] pci_bus 0000:00: root bus resource [io  0x0d00-0xfeff window]
[    1.153842] pci_bus 0000:00: root bus resource [mem 0x000a0000-0x000bffff window]
[    1.153843] pci_bus 0000:00: root bus resource [mem 0x000d0000-0x000dbfff window]
[    1.153844] pci_bus 0000:00: root bus resource [mem 0xc0000000-0xfebfffff window]
[    1.154108] pci 0000:00:00.0: [8086:7190] type 00 class 0x060000
[    1.158992] pci 0000:00:01.0: [8086:7191] type 01 class 0x060400
[    1.176920] pci 0000:00:07.0: [8086:7110] type 00 class 0x060100
[    1.178781] pci 0000:00:07.1: [8086:7111] type 00 class 0x01018a
[    1.180295] pci 0000:00:07.1: reg 0x20: [io  0x1060-0x106f]
[    1.180892] pci 0000:00:07.1: legacy IDE quirk: reg 0x10: [io  0x01f0-0x01f7]
[    1.180894] pci 0000:00:07.1: legacy IDE quirk: reg 0x14: [io  0x03f6]
[    1.180895] pci 0000:00:07.1: legacy IDE quirk: reg 0x18: [io  0x0170-0x0177]
[    1.180896] pci 0000:00:07.1: legacy IDE quirk: reg 0x1c: [io  0x0376]
[    1.181415] pci 0000:00:07.3: [8086:7113] type 00 class 0x068000
[    1.184160] pci 0000:00:07.3: quirk: [io  0x1000-0x103f] claimed by PIIX4 ACPI
[    1.184184] pci 0000:00:07.3: quirk: [io  0x1040-0x104f] claimed by PIIX4 SMB
[    1.184947] pci 0000:00:07.7: [15ad:0740] type 00 class 0x088000
[    1.185378] pci 0000:00:07.7: reg 0x10: [io  0x1080-0x10bf]
[    1.185724] pci 0000:00:07.7: reg 0x14: [mem 0xfebfe000-0xfebfffff 64bit]
[    1.210435] pci 0000:00:0f.0: [15ad:0405] type 00 class 0x030000
[    1.211205] pci 0000:00:0f.0: reg 0x10: [io  0x1070-0x107f]
[    1.212095] pci 0000:00:0f.0: reg 0x14: [mem 0xe8000000-0xefffffff pref]
[    1.212852] pci 0000:00:0f.0: reg 0x18: [mem 0xfe000000-0xfe7fffff]
[    1.215967] pci 0000:00:0f.0: reg 0x30: [mem 0x00000000-0x00007fff pref]
[    1.216089] pci 0000:00:0f.0: Video device with shadowed ROM at [mem 0x000c0000-0x000dffff]
[    1.220556] pci 0000:00:10.0: [1000:0030] type 00 class 0x010000
[    1.221018] pci 0000:00:10.0: reg 0x10: [io  0x1400-0x14ff]
[    1.221423] pci 0000:00:10.0: reg 0x14: [mem 0xfeba0000-0xfebbffff 64bit]
[    1.221824] pci 0000:00:10.0: reg 0x1c: [mem 0xfebc0000-0xfebdffff 64bit]
[    1.222451] pci 0000:00:10.0: reg 0x30: [mem 0x00000000-0x00003fff pref]
[    1.225867] pci 0000:00:11.0: [15ad:0790] type 01 class 0x060401
[    1.238477] pci 0000:00:15.0: [15ad:07a0] type 01 class 0x060400
[    1.239861] pci 0000:00:15.0: PME# supported from D0 D3hot D3cold
[    1.240770] pci 0000:00:15.1: [15ad:07a0] type 01 class 0x060400
[    1.242828] pci 0000:00:15.1: PME# supported from D0 D3hot D3cold
[    1.243896] pci 0000:00:15.2: [15ad:07a0] type 01 class 0x060400
[    1.245496] pci 0000:00:15.2: PME# supported from D0 D3hot D3cold
[    1.246402] pci 0000:00:15.3: [15ad:07a0] type 01 class 0x060400
[    1.248083] pci 0000:00:15.3: PME# supported from D0 D3hot D3cold
[    1.249003] pci 0000:00:15.4: [15ad:07a0] type 01 class 0x060400
[    1.250824] pci 0000:00:15.4: PME# supported from D0 D3hot D3cold
[    1.251771] pci 0000:00:15.5: [15ad:07a0] type 01 class 0x060400
[    1.253371] pci 0000:00:15.5: PME# supported from D0 D3hot D3cold
[    1.254299] pci 0000:00:15.6: [15ad:07a0] type 01 class 0x060400
[    1.255914] pci 0000:00:15.6: PME# supported from D0 D3hot D3cold
[    1.256817] pci 0000:00:15.7: [15ad:07a0] type 01 class 0x060400
[    1.258444] pci 0000:00:15.7: PME# supported from D0 D3hot D3cold
[    1.261918] pci 0000:00:16.0: [15ad:07a0] type 01 class 0x060400
[    1.264052] pci 0000:00:16.0: PME# supported from D0 D3hot D3cold
[    1.265013] pci 0000:00:16.1: [15ad:07a0] type 01 class 0x060400
[    1.266610] pci 0000:00:16.1: PME# supported from D0 D3hot D3cold
[    1.267673] pci 0000:00:16.2: [15ad:07a0] type 01 class 0x060400
[    1.269261] pci 0000:00:16.2: PME# supported from D0 D3hot D3cold
[    1.270172] pci 0000:00:16.3: [15ad:07a0] type 01 class 0x060400
[    1.271840] pci 0000:00:16.3: PME# supported from D0 D3hot D3cold
[    1.272985] pci 0000:00:16.4: [15ad:07a0] type 01 class 0x060400
[    1.274673] pci 0000:00:16.4: PME# supported from D0 D3hot D3cold
[    1.275685] pci 0000:00:16.5: [15ad:07a0] type 01 class 0x060400
[    1.277293] pci 0000:00:16.5: PME# supported from D0 D3hot D3cold
[    1.278261] pci 0000:00:16.6: [15ad:07a0] type 01 class 0x060400
[    1.279841] pci 0000:00:16.6: PME# supported from D0 D3hot D3cold
[    1.280734] pci 0000:00:16.7: [15ad:07a0] type 01 class 0x060400
[    1.282334] pci 0000:00:16.7: PME# supported from D0 D3hot D3cold
[    1.285968] pci 0000:00:17.0: [15ad:07a0] type 01 class 0x060400
[    1.287515] pci 0000:00:17.0: PME# supported from D0 D3hot D3cold
[    1.288475] pci 0000:00:17.1: [15ad:07a0] type 01 class 0x060400
[    1.290087] pci 0000:00:17.1: PME# supported from D0 D3hot D3cold
[    1.291181] pci 0000:00:17.2: [15ad:07a0] type 01 class 0x060400
[    1.292791] pci 0000:00:17.2: PME# supported from D0 D3hot D3cold
[    1.293714] pci 0000:00:17.3: [15ad:07a0] type 01 class 0x060400
[    1.295761] pci 0000:00:17.3: PME# supported from D0 D3hot D3cold
[    1.296709] pci 0000:00:17.4: [15ad:07a0] type 01 class 0x060400
[    1.298310] pci 0000:00:17.4: PME# supported from D0 D3hot D3cold
[    1.299275] pci 0000:00:17.5: [15ad:07a0] type 01 class 0x060400
[    1.300871] pci 0000:00:17.5: PME# supported from D0 D3hot D3cold
[    1.301799] pci 0000:00:17.6: [15ad:07a0] type 01 class 0x060400
[    1.303594] pci 0000:00:17.6: PME# supported from D0 D3hot D3cold
[    1.304495] pci 0000:00:17.7: [15ad:07a0] type 01 class 0x060400
[    1.306101] pci 0000:00:17.7: PME# supported from D0 D3hot D3cold
[    1.309702] pci 0000:00:18.0: [15ad:07a0] type 01 class 0x060400
[    1.311409] pci 0000:00:18.0: PME# supported from D0 D3hot D3cold
[    1.312400] pci 0000:00:18.1: [15ad:07a0] type 01 class 0x060400
[    1.313999] pci 0000:00:18.1: PME# supported from D0 D3hot D3cold
[    1.315093] pci 0000:00:18.2: [15ad:07a0] type 01 class 0x060400
[    1.316687] pci 0000:00:18.2: PME# supported from D0 D3hot D3cold
[    1.317588] pci 0000:00:18.3: [15ad:07a0] type 01 class 0x060400
[    1.319159] pci 0000:00:18.3: PME# supported from D0 D3hot D3cold
[    1.320073] pci 0000:00:18.4: [15ad:07a0] type 01 class 0x060400
[    1.321681] pci 0000:00:18.4: PME# supported from D0 D3hot D3cold
[    1.322643] pci 0000:00:18.5: [15ad:07a0] type 01 class 0x060400
[    1.324280] pci 0000:00:18.5: PME# supported from D0 D3hot D3cold
[    1.325182] pci 0000:00:18.6: [15ad:07a0] type 01 class 0x060400
[    1.327161] pci 0000:00:18.6: PME# supported from D0 D3hot D3cold
[    1.328130] pci 0000:00:18.7: [15ad:07a0] type 01 class 0x060400
[    1.329728] pci 0000:00:18.7: PME# supported from D0 D3hot D3cold
[    1.351929] pci_bus 0000:01: extended config space not accessible
[    1.439279] pci 0000:00:01.0: PCI bridge to [bus 01]
[    1.439724] pci_bus 0000:02: extended config space not accessible
[    1.440096] acpiphp: Slot [32] registered
[    1.440131] acpiphp: Slot [33] registered
[    1.440200] acpiphp: Slot [34] registered
[    1.440235] acpiphp: Slot [35] registered
[    1.440267] acpiphp: Slot [36] registered
[    1.440300] acpiphp: Slot [37] registered
[    1.440332] acpiphp: Slot [38] registered
[    1.440364] acpiphp: Slot [39] registered
[    1.440418] acpiphp: Slot [40] registered
[    1.440450] acpiphp: Slot [41] registered
[    1.440482] acpiphp: Slot [42] registered
[    1.440522] acpiphp: Slot [43] registered
[    1.440553] acpiphp: Slot [44] registered
[    1.440585] acpiphp: Slot [45] registered
[    1.440617] acpiphp: Slot [46] registered
[    1.440693] acpiphp: Slot [47] registered
[    1.440726] acpiphp: Slot [48] registered
[    1.440761] acpiphp: Slot [49] registered
[    1.440793] acpiphp: Slot [50] registered
[    1.440825] acpiphp: Slot [51] registered
[    1.440857] acpiphp: Slot [52] registered
[    1.440911] acpiphp: Slot [53] registered
[    1.440943] acpiphp: Slot [54] registered
[    1.440975] acpiphp: Slot [55] registered
[    1.441007] acpiphp: Slot [56] registered
[    1.441039] acpiphp: Slot [57] registered
[    1.441071] acpiphp: Slot [58] registered
[    1.441125] acpiphp: Slot [59] registered
[    1.441161] acpiphp: Slot [60] registered
[    1.441194] acpiphp: Slot [61] registered
[    1.441226] acpiphp: Slot [62] registered
[    1.441258] acpiphp: Slot [63] registered
[    1.441464] pci 0000:02:00.0: [15ad:0774] type 00 class 0x0c0300
[    1.442867] pci 0000:02:00.0: reg 0x20: [io  0x2080-0x209f]
[    1.447633] pci 0000:02:01.0: [8086:100f] type 00 class 0x020000
[    1.448272] pci 0000:02:01.0: reg 0x10: [mem 0xfd5c0000-0xfd5dffff 64bit]
[    1.448686] pci 0000:02:01.0: reg 0x18: [mem 0xfdff0000-0xfdffffff 64bit]
[    1.449000] pci 0000:02:01.0: reg 0x20: [io  0x2000-0x203f]
[    1.449573] pci 0000:02:01.0: reg 0x30: [mem 0x00000000-0x0000ffff pref]
[    1.450227] pci 0000:02:01.0: PME# supported from D0 D3hot D3cold
[    1.454797] pci 0000:02:02.0: [1274:1371] type 00 class 0x040100
[    1.455244] pci 0000:02:02.0: reg 0x10: [io  0x2040-0x207f]
[    1.461224] pci 0000:02:03.0: [15ad:0770] type 00 class 0x0c0320
[    1.461646] pci 0000:02:03.0: reg 0x10: [mem 0xfd5ef000-0xfd5effff]
[    1.467205] pci 0000:02:04.0: [15ad:07e0] type 00 class 0x010601
[    1.469073] pci 0000:02:04.0: reg 0x24: [mem 0xfd5ee000-0xfd5eefff]
[    1.469337] pci 0000:02:04.0: reg 0x30: [mem 0x00000000-0x0000ffff pref]
[    1.470094] pci 0000:02:04.0: PME# supported from D3hot
[    1.547116] pci 0000:00:11.0: PCI bridge to [bus 02] (subtractive decode)
[    1.547164] pci 0000:00:11.0:   bridge window [io  0x2000-0x3fff]
[    1.547205] pci 0000:00:11.0:   bridge window [mem 0xfd500000-0xfdffffff]
[    1.547285] pci 0000:00:11.0:   bridge window [mem 0xe7b00000-0xe7ffffff 64bit pref]
[    1.547289] pci 0000:00:11.0:   bridge window [io  0x0000-0x0cf7 window] (subtractive decode)
[    1.547291] pci 0000:00:11.0:   bridge window [io  0x0d00-0xfeff window] (subtractive decode)
[    1.547292] pci 0000:00:11.0:   bridge window [mem 0x000a0000-0x000bffff window] (subtractive decode)
[    1.547293] pci 0000:00:11.0:   bridge window [mem 0x000d0000-0x000dbfff window] (subtractive decode)
[    1.547294] pci 0000:00:11.0:   bridge window [mem 0xc0000000-0xfebfffff window] (subtractive decode)
[    1.634594] pci 0000:00:15.0: PCI bridge to [bus 03]
[    1.634648] pci 0000:00:15.0:   bridge window [io  0x4000-0x4fff]
[    1.634690] pci 0000:00:15.0:   bridge window [mem 0xfd400000-0xfd4fffff]
[    1.634767] pci 0000:00:15.0:   bridge window [mem 0xe7a00000-0xe7afffff 64bit pref]
[    1.722121] pci 0000:00:15.1: PCI bridge to [bus 04]
[    1.722168] pci 0000:00:15.1:   bridge window [io  0x8000-0x8fff]
[    1.722209] pci 0000:00:15.1:   bridge window [mem 0xfd000000-0xfd0fffff]
[    1.722286] pci 0000:00:15.1:   bridge window [mem 0xe7600000-0xe76fffff 64bit pref]
[    1.809469] pci 0000:00:15.2: PCI bridge to [bus 05]
[    1.809533] pci 0000:00:15.2:   bridge window [io  0xc000-0xcfff]
[    1.809575] pci 0000:00:15.2:   bridge window [mem 0xfcc00000-0xfccfffff]
[    1.809652] pci 0000:00:15.2:   bridge window [mem 0xe7200000-0xe72fffff 64bit pref]
[    1.897062] pci 0000:00:15.3: PCI bridge to [bus 06]
[    1.897146] pci 0000:00:15.3:   bridge window [mem 0xfc800000-0xfc8fffff]
[    1.897224] pci 0000:00:15.3:   bridge window [mem 0xe6e00000-0xe6efffff 64bit pref]
[    1.984883] pci 0000:00:15.4: PCI bridge to [bus 07]
[    1.984969] pci 0000:00:15.4:   bridge window [mem 0xfc400000-0xfc4fffff]
[    1.985046] pci 0000:00:15.4:   bridge window [mem 0xe6a00000-0xe6afffff 64bit pref]
[    2.072160] pci 0000:00:15.5: PCI bridge to [bus 08]
[    2.072250] pci 0000:00:15.5:   bridge window [mem 0xfc000000-0xfc0fffff]
[    2.072327] pci 0000:00:15.5:   bridge window [mem 0xe6600000-0xe66fffff 64bit pref]
[    2.159913] pci 0000:00:15.6: PCI bridge to [bus 09]
[    2.160006] pci 0000:00:15.6:   bridge window [mem 0xfbc00000-0xfbcfffff]
[    2.160084] pci 0000:00:15.6:   bridge window [mem 0xe6200000-0xe62fffff 64bit pref]
[    2.247242] pci 0000:00:15.7: PCI bridge to [bus 0a]
[    2.247329] pci 0000:00:15.7:   bridge window [mem 0xfb800000-0xfb8fffff]
[    2.247406] pci 0000:00:15.7:   bridge window [mem 0xe5e00000-0xe5efffff 64bit pref]
[    2.334705] pci 0000:00:16.0: PCI bridge to [bus 0b]
[    2.334804] pci 0000:00:16.0:   bridge window [io  0x5000-0x5fff]
[    2.334845] pci 0000:00:16.0:   bridge window [mem 0xfd300000-0xfd3fffff]
[    2.334927] pci 0000:00:16.0:   bridge window [mem 0xe7900000-0xe79fffff 64bit pref]
[    2.421983] pci 0000:00:16.1: PCI bridge to [bus 0c]
[    2.422030] pci 0000:00:16.1:   bridge window [io  0x9000-0x9fff]
[    2.422071] pci 0000:00:16.1:   bridge window [mem 0xfcf00000-0xfcffffff]
[    2.422148] pci 0000:00:16.1:   bridge window [mem 0xe7500000-0xe75fffff 64bit pref]
[    2.509587] pci 0000:00:16.2: PCI bridge to [bus 0d]
[    2.509639] pci 0000:00:16.2:   bridge window [io  0xd000-0xdfff]
[    2.509680] pci 0000:00:16.2:   bridge window [mem 0xfcb00000-0xfcbfffff]
[    2.509757] pci 0000:00:16.2:   bridge window [mem 0xe7100000-0xe71fffff 64bit pref]
[    2.597545] pci 0000:00:16.3: PCI bridge to [bus 0e]
[    2.597631] pci 0000:00:16.3:   bridge window [mem 0xfc700000-0xfc7fffff]
[    2.597711] pci 0000:00:16.3:   bridge window [mem 0xe6d00000-0xe6dfffff 64bit pref]
[    2.684826] pci 0000:00:16.4: PCI bridge to [bus 0f]
[    2.684918] pci 0000:00:16.4:   bridge window [mem 0xfc300000-0xfc3fffff]
[    2.684995] pci 0000:00:16.4:   bridge window [mem 0xe6900000-0xe69fffff 64bit pref]
[    2.772006] pci 0000:00:16.5: PCI bridge to [bus 10]
[    2.772090] pci 0000:00:16.5:   bridge window [mem 0xfbf00000-0xfbffffff]
[    2.772167] pci 0000:00:16.5:   bridge window [mem 0xe6500000-0xe65fffff 64bit pref]
[    2.859388] pci 0000:00:16.6: PCI bridge to [bus 11]
[    2.859480] pci 0000:00:16.6:   bridge window [mem 0xfbb00000-0xfbbfffff]
[    2.859557] pci 0000:00:16.6:   bridge window [mem 0xe6100000-0xe61fffff 64bit pref]
[    2.947139] pci 0000:00:16.7: PCI bridge to [bus 12]
[    2.947228] pci 0000:00:16.7:   bridge window [mem 0xfb700000-0xfb7fffff]
[    2.947306] pci 0000:00:16.7:   bridge window [mem 0xe5d00000-0xe5dfffff 64bit pref]
[    3.035006] pci 0000:00:17.0: PCI bridge to [bus 13]
[    3.035053] pci 0000:00:17.0:   bridge window [io  0x6000-0x6fff]
[    3.035093] pci 0000:00:17.0:   bridge window [mem 0xfd200000-0xfd2fffff]
[    3.035170] pci 0000:00:17.0:   bridge window [mem 0xe7800000-0xe78fffff 64bit pref]
[    3.123213] pci 0000:00:17.1: PCI bridge to [bus 14]
[    3.123268] pci 0000:00:17.1:   bridge window [io  0xa000-0xafff]
[    3.123309] pci 0000:00:17.1:   bridge window [mem 0xfce00000-0xfcefffff]
[    3.123385] pci 0000:00:17.1:   bridge window [mem 0xe7400000-0xe74fffff 64bit pref]
[    3.210323] pci 0000:00:17.2: PCI bridge to [bus 15]
[    3.210372] pci 0000:00:17.2:   bridge window [io  0xe000-0xefff]
[    3.210412] pci 0000:00:17.2:   bridge window [mem 0xfca00000-0xfcafffff]
[    3.210489] pci 0000:00:17.2:   bridge window [mem 0xe7000000-0xe70fffff 64bit pref]
[    3.298103] pci 0000:00:17.3: PCI bridge to [bus 16]
[    3.298188] pci 0000:00:17.3:   bridge window [mem 0xfc600000-0xfc6fffff]
[    3.298265] pci 0000:00:17.3:   bridge window [mem 0xe6c00000-0xe6cfffff 64bit pref]
[    3.385995] pci 0000:00:17.4: PCI bridge to [bus 17]
[    3.386081] pci 0000:00:17.4:   bridge window [mem 0xfc200000-0xfc2fffff]
[    3.386158] pci 0000:00:17.4:   bridge window [mem 0xe6800000-0xe68fffff 64bit pref]
[    3.473540] pci 0000:00:17.5: PCI bridge to [bus 18]
[    3.473640] pci 0000:00:17.5:   bridge window [mem 0xfbe00000-0xfbefffff]
[    3.473718] pci 0000:00:17.5:   bridge window [mem 0xe6400000-0xe64fffff 64bit pref]
[    3.561306] pci 0000:00:17.6: PCI bridge to [bus 19]
[    3.561399] pci 0000:00:17.6:   bridge window [mem 0xfba00000-0xfbafffff]
[    3.561476] pci 0000:00:17.6:   bridge window [mem 0xe6000000-0xe60fffff 64bit pref]
[    3.649195] pci 0000:00:17.7: PCI bridge to [bus 1a]
[    3.649283] pci 0000:00:17.7:   bridge window [mem 0xfb600000-0xfb6fffff]
[    3.649369] pci 0000:00:17.7:   bridge window [mem 0xe5c00000-0xe5cfffff 64bit pref]
[    3.736943] pci 0000:00:18.0: PCI bridge to [bus 1b]
[    3.737004] pci 0000:00:18.0:   bridge window [io  0x7000-0x7fff]
[    3.737045] pci 0000:00:18.0:   bridge window [mem 0xfd100000-0xfd1fffff]
[    3.737123] pci 0000:00:18.0:   bridge window [mem 0xe7700000-0xe77fffff 64bit pref]
[    3.824465] pci 0000:00:18.1: PCI bridge to [bus 1c]
[    3.824513] pci 0000:00:18.1:   bridge window [io  0xb000-0xbfff]
[    3.824553] pci 0000:00:18.1:   bridge window [mem 0xfcd00000-0xfcdfffff]
[    3.824630] pci 0000:00:18.1:   bridge window [mem 0xe7300000-0xe73fffff 64bit pref]
[    3.911966] pci 0000:00:18.2: PCI bridge to [bus 1d]
[    3.912062] pci 0000:00:18.2:   bridge window [mem 0xfc900000-0xfc9fffff]
[    3.912193] pci 0000:00:18.2:   bridge window [mem 0xe6f00000-0xe6ffffff 64bit pref]
[    3.999668] pci 0000:00:18.3: PCI bridge to [bus 1e]
[    3.999755] pci 0000:00:18.3:   bridge window [mem 0xfc500000-0xfc5fffff]
[    3.999833] pci 0000:00:18.3:   bridge window [mem 0xe6b00000-0xe6bfffff 64bit pref]
[    4.087845] pci 0000:00:18.4: PCI bridge to [bus 1f]
[    4.087930] pci 0000:00:18.4:   bridge window [mem 0xfc100000-0xfc1fffff]
[    4.088007] pci 0000:00:18.4:   bridge window [mem 0xe6700000-0xe67fffff 64bit pref]
[    4.175260] pci 0000:00:18.5: PCI bridge to [bus 20]
[    4.175360] pci 0000:00:18.5:   bridge window [mem 0xfbd00000-0xfbdfffff]
[    4.175442] pci 0000:00:18.5:   bridge window [mem 0xe6300000-0xe63fffff 64bit pref]
[    4.262922] pci 0000:00:18.6: PCI bridge to [bus 21]
[    4.263010] pci 0000:00:18.6:   bridge window [mem 0xfb900000-0xfb9fffff]
[    4.263087] pci 0000:00:18.6:   bridge window [mem 0xe5f00000-0xe5ffffff 64bit pref]
[    4.350175] pci 0000:00:18.7: PCI bridge to [bus 22]
[    4.350266] pci 0000:00:18.7:   bridge window [mem 0xfb500000-0xfb5fffff]
[    4.350806] pci 0000:00:18.7:   bridge window [mem 0xe5b00000-0xe5bfffff 64bit pref]
[    4.356261] ACPI: PCI: Interrupt link LNKA configured for IRQ 9
[    4.356410] ACPI: PCI: Interrupt link LNKB configured for IRQ 11
[    4.356562] ACPI: PCI: Interrupt link LNKC configured for IRQ 10
[    4.356708] ACPI: PCI: Interrupt link LNKD configured for IRQ 7
[    4.409011] iommu: Default domain type: Translated 
[    4.409011] iommu: DMA domain TLB invalidation policy: lazy mode 
[    4.409011] SCSI subsystem initialized
[    4.409011] libata version 3.00 loaded.
[    4.410858] pci 0000:00:0f.0: vgaarb: setting as boot VGA device
[    4.410861] pci 0000:00:0f.0: vgaarb: VGA device added: decodes=io+mem,owns=io+mem,locks=none
[    4.410879] pci 0000:00:0f.0: vgaarb: bridge control possible
[    4.410881] vgaarb: loaded
[    4.411015] ACPI: bus type USB registered
[    4.411031] usbcore: registered new interface driver usbfs
[    4.411056] usbcore: registered new interface driver hub
[    4.411194] usbcore: registered new device driver usb
[    4.411220] pps_core: LinuxPPS API ver. 1 registered
[    4.411222] pps_core: Software ver. 5.3.6 - Copyright 2005-2007 Rodolfo Giometti <giometti@linux.it>
[    4.411224] PTP clock support registered
[    4.411480] EDAC MC: Ver: 3.0.0
[    4.415323] NetLabel: Initializing
[    4.415325] NetLabel:  domain hash size = 128
[    4.415325] NetLabel:  protocols = UNLABELED CIPSOv4 CALIPSO
[    4.415341] NetLabel:  unlabeled traffic allowed by default
[    4.415399] PCI: Using ACPI for IRQ routing
[    4.825307] PCI: pci_cache_line_size set to 64 bytes
[    4.827225] e820: reserve RAM buffer [mem 0x0009e800-0x0009ffff]
[    4.827229] e820: reserve RAM buffer [mem 0xbfed0000-0xbfffffff]
[    4.827408] hpet0: at MMIO 0xfed00000, IRQs 2, 8, 0, 0, 0, 0, 0, 0, 0, 0, 0, 0, 0, 0, 0, 0
[    4.827425] hpet0: 16 comparators, 64-bit 14.318180 MHz counter
[    4.831007] clocksource: Switched to clocksource tsc-early
[    4.899370] VFS: Disk quotas dquot_6.6.0
[    4.899533] VFS: Dquot-cache hash table entries: 512 (order 0, 4096 bytes)
[    4.900166] AppArmor: AppArmor Filesystem Enabled
[    4.900194] pnp: PnP ACPI init
[    4.900560] system 00:00: [io  0x1000-0x103f] has been reserved
[    4.900564] system 00:00: [io  0x1040-0x104f] has been reserved
[    4.900567] system 00:00: [io  0x0cf0-0x0cf1] has been reserved
[    4.900991] system 00:04: [mem 0xfed00000-0xfed003ff] has been reserved
[    4.903719] pnp 00:06: [dma 2]
[    4.904083] system 00:07: [io  0xfce0-0xfcff] has been reserved
[    4.904085] system 00:07: [mem 0xf0000000-0xf7ffffff] has been reserved
[    4.904087] system 00:07: [mem 0xfe800000-0xfe9fffff] has been reserved
[    4.942399] pnp: PnP ACPI: found 8 devices
[    4.965423] clocksource: acpi_pm: mask: 0xffffff max_cycles: 0xffffff, max_idle_ns: 2085701024 ns
[    4.965712] NET: Registered PF_INET protocol family
[    4.967999] IP idents hash table entries: 65536 (order: 7, 524288 bytes, linear)
[    4.979230] tcp_listen_portaddr_hash hash table entries: 2048 (order: 3, 32768 bytes, linear)
[    4.980399] Table-perturb hash table entries: 65536 (order: 6, 262144 bytes, linear)
[    4.981589] TCP established hash table entries: 32768 (order: 6, 262144 bytes, linear)
[    4.983929] TCP bind hash table entries: 32768 (order: 7, 524288 bytes, linear)
[    4.983963] TCP: Hash tables configured (established 32768 bind 32768)
[    4.986193] MPTCP token hash table entries: 4096 (order: 4, 98304 bytes, linear)
[    4.986487] UDP hash table entries: 2048 (order: 4, 65536 bytes, linear)
[    4.986766] UDP-Lite hash table entries: 2048 (order: 4, 65536 bytes, linear)
[    4.988048] NET: Registered PF_UNIX/PF_LOCAL protocol family
[    4.988053] NET: Registered PF_XDP protocol family
[    4.988072] pci 0000:00:15.3: bridge window [io  0x1000-0x0fff] to [bus 06] add_size 1000
[    4.988075] pci 0000:00:15.4: bridge window [io  0x1000-0x0fff] to [bus 07] add_size 1000
[    4.988076] pci 0000:00:15.5: bridge window [io  0x1000-0x0fff] to [bus 08] add_size 1000
[    4.988078] pci 0000:00:15.6: bridge window [io  0x1000-0x0fff] to [bus 09] add_size 1000
[    4.988079] pci 0000:00:15.7: bridge window [io  0x1000-0x0fff] to [bus 0a] add_size 1000
[    4.988080] pci 0000:00:16.3: bridge window [io  0x1000-0x0fff] to [bus 0e] add_size 1000
[    4.988082] pci 0000:00:16.4: bridge window [io  0x1000-0x0fff] to [bus 0f] add_size 1000
[    4.988083] pci 0000:00:16.5: bridge window [io  0x1000-0x0fff] to [bus 10] add_size 1000
[    4.988084] pci 0000:00:16.6: bridge window [io  0x1000-0x0fff] to [bus 11] add_size 1000
[    4.988085] pci 0000:00:16.7: bridge window [io  0x1000-0x0fff] to [bus 12] add_size 1000
[    4.988087] pci 0000:00:17.3: bridge window [io  0x1000-0x0fff] to [bus 16] add_size 1000
[    4.988088] pci 0000:00:17.4: bridge window [io  0x1000-0x0fff] to [bus 17] add_size 1000
[    4.988089] pci 0000:00:17.5: bridge window [io  0x1000-0x0fff] to [bus 18] add_size 1000
[    4.988090] pci 0000:00:17.6: bridge window [io  0x1000-0x0fff] to [bus 19] add_size 1000
[    4.988091] pci 0000:00:17.7: bridge window [io  0x1000-0x0fff] to [bus 1a] add_size 1000
[    4.988093] pci 0000:00:18.2: bridge window [io  0x1000-0x0fff] to [bus 1d] add_size 1000
[    4.988094] pci 0000:00:18.3: bridge window [io  0x1000-0x0fff] to [bus 1e] add_size 1000
[    4.988095] pci 0000:00:18.4: bridge window [io  0x1000-0x0fff] to [bus 1f] add_size 1000
[    4.988096] pci 0000:00:18.5: bridge window [io  0x1000-0x0fff] to [bus 20] add_size 1000
[    4.988097] pci 0000:00:18.6: bridge window [io  0x1000-0x0fff] to [bus 21] add_size 1000
[    4.988099] pci 0000:00:18.7: bridge window [io  0x1000-0x0fff] to [bus 22] add_size 1000
[    4.988112] pci 0000:00:10.0: BAR 6: assigned [mem 0xc0000000-0xc0003fff pref]
[    4.988116] pci 0000:00:15.3: BAR 13: no space for [io  size 0x1000]
[    4.988117] pci 0000:00:15.3: BAR 13: failed to assign [io  size 0x1000]
[    4.988118] pci 0000:00:15.4: BAR 13: no space for [io  size 0x1000]
[    4.988119] pci 0000:00:15.4: BAR 13: failed to assign [io  size 0x1000]
[    4.988120] pci 0000:00:15.5: BAR 13: no space for [io  size 0x1000]
[    4.988121] pci 0000:00:15.5: BAR 13: failed to assign [io  size 0x1000]
[    4.988123] pci 0000:00:15.6: BAR 13: no space for [io  size 0x1000]
[    4.988124] pci 0000:00:15.6: BAR 13: failed to assign [io  size 0x1000]
[    4.988125] pci 0000:00:15.7: BAR 13: no space for [io  size 0x1000]
[    4.988126] pci 0000:00:15.7: BAR 13: failed to assign [io  size 0x1000]
[    4.988127] pci 0000:00:16.3: BAR 13: no space for [io  size 0x1000]
[    4.988128] pci 0000:00:16.3: BAR 13: failed to assign [io  size 0x1000]
[    4.988129] pci 0000:00:16.4: BAR 13: no space for [io  size 0x1000]
[    4.988130] pci 0000:00:16.4: BAR 13: failed to assign [io  size 0x1000]
[    4.988131] pci 0000:00:16.5: BAR 13: no space for [io  size 0x1000]
[    4.988132] pci 0000:00:16.5: BAR 13: failed to assign [io  size 0x1000]
[    4.988133] pci 0000:00:16.6: BAR 13: no space for [io  size 0x1000]
[    4.988134] pci 0000:00:16.6: BAR 13: failed to assign [io  size 0x1000]
[    4.988135] pci 0000:00:16.7: BAR 13: no space for [io  size 0x1000]
[    4.988136] pci 0000:00:16.7: BAR 13: failed to assign [io  size 0x1000]
[    4.988137] pci 0000:00:17.3: BAR 13: no space for [io  size 0x1000]
[    4.988138] pci 0000:00:17.3: BAR 13: failed to assign [io  size 0x1000]
[    4.988140] pci 0000:00:17.4: BAR 13: no space for [io  size 0x1000]
[    4.988140] pci 0000:00:17.4: BAR 13: failed to assign [io  size 0x1000]
[    4.988142] pci 0000:00:17.5: BAR 13: no space for [io  size 0x1000]
[    4.988142] pci 0000:00:17.5: BAR 13: failed to assign [io  size 0x1000]
[    4.988144] pci 0000:00:17.6: BAR 13: no space for [io  size 0x1000]
[    4.988144] pci 0000:00:17.6: BAR 13: failed to assign [io  size 0x1000]
[    4.988146] pci 0000:00:17.7: BAR 13: no space for [io  size 0x1000]
[    4.988147] pci 0000:00:17.7: BAR 13: failed to assign [io  size 0x1000]
[    4.988148] pci 0000:00:18.2: BAR 13: no space for [io  size 0x1000]
[    4.988149] pci 0000:00:18.2: BAR 13: failed to assign [io  size 0x1000]
[    4.988150] pci 0000:00:18.3: BAR 13: no space for [io  size 0x1000]
[    4.988151] pci 0000:00:18.3: BAR 13: failed to assign [io  size 0x1000]
[    4.988152] pci 0000:00:18.4: BAR 13: no space for [io  size 0x1000]
[    4.988153] pci 0000:00:18.4: BAR 13: failed to assign [io  size 0x1000]
[    4.988154] pci 0000:00:18.5: BAR 13: no space for [io  size 0x1000]
[    4.988155] pci 0000:00:18.5: BAR 13: failed to assign [io  size 0x1000]
[    4.988156] pci 0000:00:18.6: BAR 13: no space for [io  size 0x1000]
[    4.988157] pci 0000:00:18.6: BAR 13: failed to assign [io  size 0x1000]
[    4.988158] pci 0000:00:18.7: BAR 13: no space for [io  size 0x1000]
[    4.988159] pci 0000:00:18.7: BAR 13: failed to assign [io  size 0x1000]
[    4.988162] pci 0000:00:18.7: BAR 13: no space for [io  size 0x1000]
[    4.988163] pci 0000:00:18.7: BAR 13: failed to assign [io  size 0x1000]
[    4.988164] pci 0000:00:18.6: BAR 13: no space for [io  size 0x1000]
[    4.988165] pci 0000:00:18.6: BAR 13: failed to assign [io  size 0x1000]
[    4.988166] pci 0000:00:18.5: BAR 13: no space for [io  size 0x1000]
[    4.988167] pci 0000:00:18.5: BAR 13: failed to assign [io  size 0x1000]
[    4.988168] pci 0000:00:18.4: BAR 13: no space for [io  size 0x1000]
[    4.988169] pci 0000:00:18.4: BAR 13: failed to assign [io  size 0x1000]
[    4.988170] pci 0000:00:18.3: BAR 13: no space for [io  size 0x1000]
[    4.988171] pci 0000:00:18.3: BAR 13: failed to assign [io  size 0x1000]
[    4.988172] pci 0000:00:18.2: BAR 13: no space for [io  size 0x1000]
[    4.988173] pci 0000:00:18.2: BAR 13: failed to assign [io  size 0x1000]
[    4.988174] pci 0000:00:17.7: BAR 13: no space for [io  size 0x1000]
[    4.988175] pci 0000:00:17.7: BAR 13: failed to assign [io  size 0x1000]
[    4.988176] pci 0000:00:17.6: BAR 13: no space for [io  size 0x1000]
[    4.988177] pci 0000:00:17.6: BAR 13: failed to assign [io  size 0x1000]
[    4.988178] pci 0000:00:17.5: BAR 13: no space for [io  size 0x1000]
[    4.988179] pci 0000:00:17.5: BAR 13: failed to assign [io  size 0x1000]
[    4.988180] pci 0000:00:17.4: BAR 13: no space for [io  size 0x1000]
[    4.988181] pci 0000:00:17.4: BAR 13: failed to assign [io  size 0x1000]
[    4.988182] pci 0000:00:17.3: BAR 13: no space for [io  size 0x1000]
[    4.988183] pci 0000:00:17.3: BAR 13: failed to assign [io  size 0x1000]
[    4.988185] pci 0000:00:16.7: BAR 13: no space for [io  size 0x1000]
[    4.988185] pci 0000:00:16.7: BAR 13: failed to assign [io  size 0x1000]
[    4.988187] pci 0000:00:16.6: BAR 13: no space for [io  size 0x1000]
[    4.988187] pci 0000:00:16.6: BAR 13: failed to assign [io  size 0x1000]
[    4.988189] pci 0000:00:16.5: BAR 13: no space for [io  size 0x1000]
[    4.988189] pci 0000:00:16.5: BAR 13: failed to assign [io  size 0x1000]
[    4.988191] pci 0000:00:16.4: BAR 13: no space for [io  size 0x1000]
[    4.988191] pci 0000:00:16.4: BAR 13: failed to assign [io  size 0x1000]
[    4.988193] pci 0000:00:16.3: BAR 13: no space for [io  size 0x1000]
[    4.988193] pci 0000:00:16.3: BAR 13: failed to assign [io  size 0x1000]
[    4.988195] pci 0000:00:15.7: BAR 13: no space for [io  size 0x1000]
[    4.988195] pci 0000:00:15.7: BAR 13: failed to assign [io  size 0x1000]
[    4.988197] pci 0000:00:15.6: BAR 13: no space for [io  size 0x1000]
[    4.988197] pci 0000:00:15.6: BAR 13: failed to assign [io  size 0x1000]
[    4.988199] pci 0000:00:15.5: BAR 13: no space for [io  size 0x1000]
[    4.988199] pci 0000:00:15.5: BAR 13: failed to assign [io  size 0x1000]
[    4.988201] pci 0000:00:15.4: BAR 13: no space for [io  size 0x1000]
[    4.988201] pci 0000:00:15.4: BAR 13: failed to assign [io  size 0x1000]
[    4.988203] pci 0000:00:15.3: BAR 13: no space for [io  size 0x1000]
[    4.988203] pci 0000:00:15.3: BAR 13: failed to assign [io  size 0x1000]
[    4.988205] pci 0000:00:01.0: PCI bridge to [bus 01]
[    4.988467] pci 0000:02:01.0: BAR 6: assigned [mem 0xfd500000-0xfd50ffff pref]
[    4.988470] pci 0000:02:04.0: BAR 6: assigned [mem 0xfd510000-0xfd51ffff pref]
[    4.988472] pci 0000:00:11.0: PCI bridge to [bus 02]
[    4.988504] pci 0000:00:11.0:   bridge window [io  0x2000-0x3fff]
[    4.988581] pci 0000:00:11.0:   bridge window [mem 0xfd500000-0xfdffffff]
[    4.988622] pci 0000:00:11.0:   bridge window [mem 0xe7b00000-0xe7ffffff 64bit pref]
[    4.988702] pci 0000:00:15.0: PCI bridge to [bus 03]
[    4.988731] pci 0000:00:15.0:   bridge window [io  0x4000-0x4fff]
[    4.988789] pci 0000:00:15.0:   bridge window [mem 0xfd400000-0xfd4fffff]
[    4.988829] pci 0000:00:15.0:   bridge window [mem 0xe7a00000-0xe7afffff 64bit pref]
[    4.988957] pci 0000:00:15.1: PCI bridge to [bus 04]
[    4.989010] pci 0000:00:15.1:   bridge window [io  0x8000-0x8fff]
[    4.989070] pci 0000:00:15.1:   bridge window [mem 0xfd000000-0xfd0fffff]
[    4.989110] pci 0000:00:15.1:   bridge window [mem 0xe7600000-0xe76fffff 64bit pref]
[    4.989204] pci 0000:00:15.2: PCI bridge to [bus 05]
[    4.989238] pci 0000:00:15.2:   bridge window [io  0xc000-0xcfff]
[    4.989322] pci 0000:00:15.2:   bridge window [mem 0xfcc00000-0xfccfffff]
[    4.989362] pci 0000:00:15.2:   bridge window [mem 0xe7200000-0xe72fffff 64bit pref]
[    4.989461] pci 0000:00:15.3: PCI bridge to [bus 06]
[    4.989520] pci 0000:00:15.3:   bridge window [mem 0xfc800000-0xfc8fffff]
[    4.989561] pci 0000:00:15.3:   bridge window [mem 0xe6e00000-0xe6efffff 64bit pref]
[    4.989654] pci 0000:00:15.4: PCI bridge to [bus 07]
[    4.989713] pci 0000:00:15.4:   bridge window [mem 0xfc400000-0xfc4fffff]
[    4.989753] pci 0000:00:15.4:   bridge window [mem 0xe6a00000-0xe6afffff 64bit pref]
[    4.989846] pci 0000:00:15.5: PCI bridge to [bus 08]
[    4.989905] pci 0000:00:15.5:   bridge window [mem 0xfc000000-0xfc0fffff]
[    4.989945] pci 0000:00:15.5:   bridge window [mem 0xe6600000-0xe66fffff 64bit pref]
[    4.990038] pci 0000:00:15.6: PCI bridge to [bus 09]
[    4.990097] pci 0000:00:15.6:   bridge window [mem 0xfbc00000-0xfbcfffff]
[    4.990137] pci 0000:00:15.6:   bridge window [mem 0xe6200000-0xe62fffff 64bit pref]
[    4.990231] pci 0000:00:15.7: PCI bridge to [bus 0a]
[    4.990290] pci 0000:00:15.7:   bridge window [mem 0xfb800000-0xfb8fffff]
[    4.990330] pci 0000:00:15.7:   bridge window [mem 0xe5e00000-0xe5efffff 64bit pref]
[    4.990434] pci 0000:00:16.0: PCI bridge to [bus 0b]
[    4.990472] pci 0000:00:16.0:   bridge window [io  0x5000-0x5fff]
[    4.990531] pci 0000:00:16.0:   bridge window [mem 0xfd300000-0xfd3fffff]
[    4.990571] pci 0000:00:16.0:   bridge window [mem 0xe7900000-0xe79fffff 64bit pref]
[    4.990664] pci 0000:00:16.1: PCI bridge to [bus 0c]
[    4.990688] pci 0000:00:16.1:   bridge window [io  0x9000-0x9fff]
[    4.990748] pci 0000:00:16.1:   bridge window [mem 0xfcf00000-0xfcffffff]
[    4.990788] pci 0000:00:16.1:   bridge window [mem 0xe7500000-0xe75fffff 64bit pref]
[    4.990881] pci 0000:00:16.2: PCI bridge to [bus 0d]
[    4.990905] pci 0000:00:16.2:   bridge window [io  0xd000-0xdfff]
[    4.991065] pci 0000:00:16.2:   bridge window [mem 0xfcb00000-0xfcbfffff]
[    4.991106] pci 0000:00:16.2:   bridge window [mem 0xe7100000-0xe71fffff 64bit pref]
[    4.991205] pci 0000:00:16.3: PCI bridge to [bus 0e]
[    4.991264] pci 0000:00:16.3:   bridge window [mem 0xfc700000-0xfc7fffff]
[    4.991305] pci 0000:00:16.3:   bridge window [mem 0xe6d00000-0xe6dfffff 64bit pref]
[    4.991403] pci 0000:00:16.4: PCI bridge to [bus 0f]
[    4.991463] pci 0000:00:16.4:   bridge window [mem 0xfc300000-0xfc3fffff]
[    4.991503] pci 0000:00:16.4:   bridge window [mem 0xe6900000-0xe69fffff 64bit pref]
[    4.991596] pci 0000:00:16.5: PCI bridge to [bus 10]
[    4.991661] pci 0000:00:16.5:   bridge window [mem 0xfbf00000-0xfbffffff]
[    4.991701] pci 0000:00:16.5:   bridge window [mem 0xe6500000-0xe65fffff 64bit pref]
[    4.991794] pci 0000:00:16.6: PCI bridge to [bus 11]
[    4.991853] pci 0000:00:16.6:   bridge window [mem 0xfbb00000-0xfbbfffff]
[    4.991893] pci 0000:00:16.6:   bridge window [mem 0xe6100000-0xe61fffff 64bit pref]
[    4.991987] pci 0000:00:16.7: PCI bridge to [bus 12]
[    4.992046] pci 0000:00:16.7:   bridge window [mem 0xfb700000-0xfb7fffff]
[    4.992086] pci 0000:00:16.7:   bridge window [mem 0xe5d00000-0xe5dfffff 64bit pref]
[    4.992179] pci 0000:00:17.0: PCI bridge to [bus 13]
[    4.992203] pci 0000:00:17.0:   bridge window [io  0x6000-0x6fff]
[    4.992263] pci 0000:00:17.0:   bridge window [mem 0xfd200000-0xfd2fffff]
[    4.992303] pci 0000:00:17.0:   bridge window [mem 0xe7800000-0xe78fffff 64bit pref]
[    4.992396] pci 0000:00:17.1: PCI bridge to [bus 14]
[    4.992420] pci 0000:00:17.1:   bridge window [io  0xa000-0xafff]
[    4.992480] pci 0000:00:17.1:   bridge window [mem 0xfce00000-0xfcefffff]
[    4.992520] pci 0000:00:17.1:   bridge window [mem 0xe7400000-0xe74fffff 64bit pref]
[    4.992613] pci 0000:00:17.2: PCI bridge to [bus 15]
[    4.992637] pci 0000:00:17.2:   bridge window [io  0xe000-0xefff]
[    4.992697] pci 0000:00:17.2:   bridge window [mem 0xfca00000-0xfcafffff]
[    4.992737] pci 0000:00:17.2:   bridge window [mem 0xe7000000-0xe70fffff 64bit pref]
[    4.992830] pci 0000:00:17.3: PCI bridge to [bus 16]
[    4.992890] pci 0000:00:17.3:   bridge window [mem 0xfc600000-0xfc6fffff]
[    4.992930] pci 0000:00:17.3:   bridge window [mem 0xe6c00000-0xe6cfffff 64bit pref]
[    4.993023] pci 0000:00:17.4: PCI bridge to [bus 17]
[    4.993083] pci 0000:00:17.4:   bridge window [mem 0xfc200000-0xfc2fffff]
[    4.993123] pci 0000:00:17.4:   bridge window [mem 0xe6800000-0xe68fffff 64bit pref]
[    4.993216] pci 0000:00:17.5: PCI bridge to [bus 18]
[    4.993275] pci 0000:00:17.5:   bridge window [mem 0xfbe00000-0xfbefffff]
[    4.993315] pci 0000:00:17.5:   bridge window [mem 0xe6400000-0xe64fffff 64bit pref]
[    4.993408] pci 0000:00:17.6: PCI bridge to [bus 19]
[    4.993468] pci 0000:00:17.6:   bridge window [mem 0xfba00000-0xfbafffff]
[    4.993508] pci 0000:00:17.6:   bridge window [mem 0xe6000000-0xe60fffff 64bit pref]
[    4.993600] pci 0000:00:17.7: PCI bridge to [bus 1a]
[    4.993660] pci 0000:00:17.7:   bridge window [mem 0xfb600000-0xfb6fffff]
[    4.993700] pci 0000:00:17.7:   bridge window [mem 0xe5c00000-0xe5cfffff 64bit pref]
[    4.993793] pci 0000:00:18.0: PCI bridge to [bus 1b]
[    4.993817] pci 0000:00:18.0:   bridge window [io  0x7000-0x7fff]
[    4.993877] pci 0000:00:18.0:   bridge window [mem 0xfd100000-0xfd1fffff]
[    4.993917] pci 0000:00:18.0:   bridge window [mem 0xe7700000-0xe77fffff 64bit pref]
[    4.994011] pci 0000:00:18.1: PCI bridge to [bus 1c]
[    4.994035] pci 0000:00:18.1:   bridge window [io  0xb000-0xbfff]
[    4.994095] pci 0000:00:18.1:   bridge window [mem 0xfcd00000-0xfcdfffff]
[    4.994135] pci 0000:00:18.1:   bridge window [mem 0xe7300000-0xe73fffff 64bit pref]
[    4.994228] pci 0000:00:18.2: PCI bridge to [bus 1d]
[    4.994287] pci 0000:00:18.2:   bridge window [mem 0xfc900000-0xfc9fffff]
[    4.994327] pci 0000:00:18.2:   bridge window [mem 0xe6f00000-0xe6ffffff 64bit pref]
[    4.994420] pci 0000:00:18.3: PCI bridge to [bus 1e]
[    4.994479] pci 0000:00:18.3:   bridge window [mem 0xfc500000-0xfc5fffff]
[    4.994519] pci 0000:00:18.3:   bridge window [mem 0xe6b00000-0xe6bfffff 64bit pref]
[    4.994612] pci 0000:00:18.4: PCI bridge to [bus 1f]
[    4.994671] pci 0000:00:18.4:   bridge window [mem 0xfc100000-0xfc1fffff]
[    4.994711] pci 0000:00:18.4:   bridge window [mem 0xe6700000-0xe67fffff 64bit pref]
[    4.994804] pci 0000:00:18.5: PCI bridge to [bus 20]
[    4.994863] pci 0000:00:18.5:   bridge window [mem 0xfbd00000-0xfbdfffff]
[    4.994903] pci 0000:00:18.5:   bridge window [mem 0xe6300000-0xe63fffff 64bit pref]
[    4.994998] pci 0000:00:18.6: PCI bridge to [bus 21]
[    4.995036] pci 0000:00:18.6:   bridge window [mem 0xfb900000-0xfb9fffff]
[    4.995036] pci 0000:00:18.6:   bridge window [mem 0xe5f00000-0xe5ffffff 64bit pref]
[    4.995036] pci 0000:00:18.7: PCI bridge to [bus 22]
[    4.995338] pci 0000:00:18.7:   bridge window [mem 0xfb500000-0xfb5fffff]
[    4.995379] pci 0000:00:18.7:   bridge window [mem 0xe5b00000-0xe5bfffff 64bit pref]
[    4.995473] pci_bus 0000:00: resource 4 [io  0x0000-0x0cf7 window]
[    4.995475] pci_bus 0000:00: resource 5 [io  0x0d00-0xfeff window]
[    4.995476] pci_bus 0000:00: resource 6 [mem 0x000a0000-0x000bffff window]
[    4.995477] pci_bus 0000:00: resource 7 [mem 0x000d0000-0x000dbfff window]
[    4.995478] pci_bus 0000:00: resource 8 [mem 0xc0000000-0xfebfffff window]
[    4.995480] pci_bus 0000:02: resource 0 [io  0x2000-0x3fff]
[    4.995481] pci_bus 0000:02: resource 1 [mem 0xfd500000-0xfdffffff]
[    4.995482] pci_bus 0000:02: resource 2 [mem 0xe7b00000-0xe7ffffff 64bit pref]
[    4.995483] pci_bus 0000:02: resource 4 [io  0x0000-0x0cf7 window]
[    4.995484] pci_bus 0000:02: resource 5 [io  0x0d00-0xfeff window]
[    4.995484] pci_bus 0000:02: resource 6 [mem 0x000a0000-0x000bffff window]
[    4.995485] pci_bus 0000:02: resource 7 [mem 0x000d0000-0x000dbfff window]
[    4.995486] pci_bus 0000:02: resource 8 [mem 0xc0000000-0xfebfffff window]
[    4.995487] pci_bus 0000:03: resource 0 [io  0x4000-0x4fff]
[    4.995488] pci_bus 0000:03: resource 1 [mem 0xfd400000-0xfd4fffff]
[    4.995489] pci_bus 0000:03: resource 2 [mem 0xe7a00000-0xe7afffff 64bit pref]
[    4.995490] pci_bus 0000:04: resource 0 [io  0x8000-0x8fff]
[    4.995491] pci_bus 0000:04: resource 1 [mem 0xfd000000-0xfd0fffff]
[    4.995492] pci_bus 0000:04: resource 2 [mem 0xe7600000-0xe76fffff 64bit pref]
[    4.995493] pci_bus 0000:05: resource 0 [io  0xc000-0xcfff]
[    4.995494] pci_bus 0000:05: resource 1 [mem 0xfcc00000-0xfccfffff]
[    4.995495] pci_bus 0000:05: resource 2 [mem 0xe7200000-0xe72fffff 64bit pref]
[    4.995496] pci_bus 0000:06: resource 1 [mem 0xfc800000-0xfc8fffff]
[    4.995497] pci_bus 0000:06: resource 2 [mem 0xe6e00000-0xe6efffff 64bit pref]
[    4.995498] pci_bus 0000:07: resource 1 [mem 0xfc400000-0xfc4fffff]
[    4.995499] pci_bus 0000:07: resource 2 [mem 0xe6a00000-0xe6afffff 64bit pref]
[    4.995500] pci_bus 0000:08: resource 1 [mem 0xfc000000-0xfc0fffff]
[    4.995501] pci_bus 0000:08: resource 2 [mem 0xe6600000-0xe66fffff 64bit pref]
[    4.995502] pci_bus 0000:09: resource 1 [mem 0xfbc00000-0xfbcfffff]
[    4.995502] pci_bus 0000:09: resource 2 [mem 0xe6200000-0xe62fffff 64bit pref]
[    4.995503] pci_bus 0000:0a: resource 1 [mem 0xfb800000-0xfb8fffff]
[    4.995504] pci_bus 0000:0a: resource 2 [mem 0xe5e00000-0xe5efffff 64bit pref]
[    4.995505] pci_bus 0000:0b: resource 0 [io  0x5000-0x5fff]
[    4.995506] pci_bus 0000:0b: resource 1 [mem 0xfd300000-0xfd3fffff]
[    4.995507] pci_bus 0000:0b: resource 2 [mem 0xe7900000-0xe79fffff 64bit pref]
[    4.995508] pci_bus 0000:0c: resource 0 [io  0x9000-0x9fff]
[    4.995508] pci_bus 0000:0c: resource 1 [mem 0xfcf00000-0xfcffffff]
[    4.995509] pci_bus 0000:0c: resource 2 [mem 0xe7500000-0xe75fffff 64bit pref]
[    4.995510] pci_bus 0000:0d: resource 0 [io  0xd000-0xdfff]
[    4.995511] pci_bus 0000:0d: resource 1 [mem 0xfcb00000-0xfcbfffff]
[    4.995512] pci_bus 0000:0d: resource 2 [mem 0xe7100000-0xe71fffff 64bit pref]
[    4.995513] pci_bus 0000:0e: resource 1 [mem 0xfc700000-0xfc7fffff]
[    4.995514] pci_bus 0000:0e: resource 2 [mem 0xe6d00000-0xe6dfffff 64bit pref]
[    4.995515] pci_bus 0000:0f: resource 1 [mem 0xfc300000-0xfc3fffff]
[    4.995516] pci_bus 0000:0f: resource 2 [mem 0xe6900000-0xe69fffff 64bit pref]
[    4.995517] pci_bus 0000:10: resource 1 [mem 0xfbf00000-0xfbffffff]
[    4.995518] pci_bus 0000:10: resource 2 [mem 0xe6500000-0xe65fffff 64bit pref]
[    4.995519] pci_bus 0000:11: resource 1 [mem 0xfbb00000-0xfbbfffff]
[    4.995520] pci_bus 0000:11: resource 2 [mem 0xe6100000-0xe61fffff 64bit pref]
[    4.995521] pci_bus 0000:12: resource 1 [mem 0xfb700000-0xfb7fffff]
[    4.995521] pci_bus 0000:12: resource 2 [mem 0xe5d00000-0xe5dfffff 64bit pref]
[    4.995522] pci_bus 0000:13: resource 0 [io  0x6000-0x6fff]
[    4.995523] pci_bus 0000:13: resource 1 [mem 0xfd200000-0xfd2fffff]
[    4.995524] pci_bus 0000:13: resource 2 [mem 0xe7800000-0xe78fffff 64bit pref]
[    4.995525] pci_bus 0000:14: resource 0 [io  0xa000-0xafff]
[    4.995526] pci_bus 0000:14: resource 1 [mem 0xfce00000-0xfcefffff]
[    4.995526] pci_bus 0000:14: resource 2 [mem 0xe7400000-0xe74fffff 64bit pref]
[    4.995528] pci_bus 0000:15: resource 0 [io  0xe000-0xefff]
[    4.995529] pci_bus 0000:15: resource 1 [mem 0xfca00000-0xfcafffff]
[    4.995529] pci_bus 0000:15: resource 2 [mem 0xe7000000-0xe70fffff 64bit pref]
[    4.995531] pci_bus 0000:16: resource 1 [mem 0xfc600000-0xfc6fffff]
[    4.995532] pci_bus 0000:16: resource 2 [mem 0xe6c00000-0xe6cfffff 64bit pref]
[    4.995533] pci_bus 0000:17: resource 1 [mem 0xfc200000-0xfc2fffff]
[    4.995534] pci_bus 0000:17: resource 2 [mem 0xe6800000-0xe68fffff 64bit pref]
[    4.995535] pci_bus 0000:18: resource 1 [mem 0xfbe00000-0xfbefffff]
[    4.995536] pci_bus 0000:18: resource 2 [mem 0xe6400000-0xe64fffff 64bit pref]
[    4.995537] pci_bus 0000:19: resource 1 [mem 0xfba00000-0xfbafffff]
[    4.995538] pci_bus 0000:19: resource 2 [mem 0xe6000000-0xe60fffff 64bit pref]
[    4.995539] pci_bus 0000:1a: resource 1 [mem 0xfb600000-0xfb6fffff]
[    4.995540] pci_bus 0000:1a: resource 2 [mem 0xe5c00000-0xe5cfffff 64bit pref]
[    4.995541] pci_bus 0000:1b: resource 0 [io  0x7000-0x7fff]
[    4.995542] pci_bus 0000:1b: resource 1 [mem 0xfd100000-0xfd1fffff]
[    4.995543] pci_bus 0000:1b: resource 2 [mem 0xe7700000-0xe77fffff 64bit pref]
[    4.995544] pci_bus 0000:1c: resource 0 [io  0xb000-0xbfff]
[    4.995545] pci_bus 0000:1c: resource 1 [mem 0xfcd00000-0xfcdfffff]
[    4.995546] pci_bus 0000:1c: resource 2 [mem 0xe7300000-0xe73fffff 64bit pref]
[    4.995547] pci_bus 0000:1d: resource 1 [mem 0xfc900000-0xfc9fffff]
[    4.995548] pci_bus 0000:1d: resource 2 [mem 0xe6f00000-0xe6ffffff 64bit pref]
[    4.995549] pci_bus 0000:1e: resource 1 [mem 0xfc500000-0xfc5fffff]
[    4.995550] pci_bus 0000:1e: resource 2 [mem 0xe6b00000-0xe6bfffff 64bit pref]
[    4.995551] pci_bus 0000:1f: resource 1 [mem 0xfc100000-0xfc1fffff]
[    4.995552] pci_bus 0000:1f: resource 2 [mem 0xe6700000-0xe67fffff 64bit pref]
[    4.995553] pci_bus 0000:20: resource 1 [mem 0xfbd00000-0xfbdfffff]
[    4.995554] pci_bus 0000:20: resource 2 [mem 0xe6300000-0xe63fffff 64bit pref]
[    4.995554] pci_bus 0000:21: resource 1 [mem 0xfb900000-0xfb9fffff]
[    4.995555] pci_bus 0000:21: resource 2 [mem 0xe5f00000-0xe5ffffff 64bit pref]
[    4.995556] pci_bus 0000:22: resource 1 [mem 0xfb500000-0xfb5fffff]
[    4.995557] pci_bus 0000:22: resource 2 [mem 0xe5b00000-0xe5bfffff 64bit pref]
[    4.995759] pci 0000:00:00.0: Limiting direct PCI/PCI transfers
[    4.997627] pci 0000:02:01.0: CLS mismatch (32 != 64), using 64 bytes
[    4.998631] Trying to unpack rootfs image as initramfs...
[    4.999419] PCI-DMA: Using software bounce buffering for IO (SWIOTLB)
[    4.999422] software IO TLB: mapped [mem 0x00000000bbed0000-0x00000000bfed0000] (64MB)
[    4.999531] clocksource: tsc: mask: 0xffffffffffffffff max_cycles: 0x29b8d76bd05, max_idle_ns: 440795337609 ns
[    4.999620] clocksource: Switched to clocksource tsc
[    5.004007] Initialise system trusted keyrings
[    5.004036] Key type blacklist registered
[    5.004167] workingset: timestamp_bits=36 max_order=20 bucket_order=0
[    5.007856] zbud: loaded
[    5.008561] squashfs: version 4.0 (2009/01/31) Phillip Lougher
[    5.008845] fuse: init (API version 7.34)
[    5.009473] integrity: Platform Keyring initialized
[    5.012164] Key type asymmetric registered
[    5.012167] Asymmetric key parser 'x509' registered
[    5.012210] Block layer SCSI generic (bsg) driver version 0.4 loaded (major 243)
[    5.012460] io scheduler mq-deadline registered
[    5.014378] pcieport 0000:00:15.0: PME: Signaling with IRQ 24
[    5.014541] pcieport 0000:00:15.0: pciehp: Slot #160 AttnBtn+ PwrCtrl+ MRL- AttnInd- PwrInd- HotPlug+ Surprise- Interlock- NoCompl+ IbPresDis- LLActRep+
[    5.016433] pcieport 0000:00:15.1: PME: Signaling with IRQ 25
[    5.016589] pcieport 0000:00:15.1: pciehp: Slot #161 AttnBtn+ PwrCtrl+ MRL- AttnInd- PwrInd- HotPlug+ Surprise- Interlock- NoCompl+ IbPresDis- LLActRep+
[    5.018439] pcieport 0000:00:15.2: PME: Signaling with IRQ 26
[    5.018637] pcieport 0000:00:15.2: pciehp: Slot #162 AttnBtn+ PwrCtrl+ MRL- AttnInd- PwrInd- HotPlug+ Surprise- Interlock- NoCompl+ IbPresDis- LLActRep+
[    5.020612] pcieport 0000:00:15.3: PME: Signaling with IRQ 27
[    5.020767] pcieport 0000:00:15.3: pciehp: Slot #163 AttnBtn+ PwrCtrl+ MRL- AttnInd- PwrInd- HotPlug+ Surprise- Interlock- NoCompl+ IbPresDis- LLActRep+
[    5.022722] pcieport 0000:00:15.4: PME: Signaling with IRQ 28
[    5.022902] pcieport 0000:00:15.4: pciehp: Slot #164 AttnBtn+ PwrCtrl+ MRL- AttnInd- PwrInd- HotPlug+ Surprise- Interlock- NoCompl+ IbPresDis- LLActRep+
[    5.024812] pcieport 0000:00:15.5: PME: Signaling with IRQ 29
[    5.024993] pcieport 0000:00:15.5: pciehp: Slot #165 AttnBtn+ PwrCtrl+ MRL- AttnInd- PwrInd- HotPlug+ Surprise- Interlock- NoCompl+ IbPresDis- LLActRep+
[    5.026855] pcieport 0000:00:15.6: PME: Signaling with IRQ 30
[    5.027187] pcieport 0000:00:15.6: pciehp: Slot #166 AttnBtn+ PwrCtrl+ MRL- AttnInd- PwrInd- HotPlug+ Surprise- Interlock- NoCompl+ IbPresDis- LLActRep+
[    5.029089] pcieport 0000:00:15.7: PME: Signaling with IRQ 31
[    5.029296] pcieport 0000:00:15.7: pciehp: Slot #167 AttnBtn+ PwrCtrl+ MRL- AttnInd- PwrInd- HotPlug+ Surprise- Interlock- NoCompl+ IbPresDis- LLActRep+
[    5.031408] pcieport 0000:00:16.0: PME: Signaling with IRQ 32
[    5.031572] pcieport 0000:00:16.0: pciehp: Slot #192 AttnBtn+ PwrCtrl+ MRL- AttnInd- PwrInd- HotPlug+ Surprise- Interlock- NoCompl+ IbPresDis- LLActRep+
[    5.033448] pcieport 0000:00:16.1: PME: Signaling with IRQ 33
[    5.033629] pcieport 0000:00:16.1: pciehp: Slot #193 AttnBtn+ PwrCtrl+ MRL- AttnInd- PwrInd- HotPlug+ Surprise- Interlock- NoCompl+ IbPresDis- LLActRep+
[    5.035602] pcieport 0000:00:16.2: PME: Signaling with IRQ 34
[    5.035787] pcieport 0000:00:16.2: pciehp: Slot #194 AttnBtn+ PwrCtrl+ MRL- AttnInd- PwrInd- HotPlug+ Surprise- Interlock- NoCompl+ IbPresDis- LLActRep+
[    5.037775] pcieport 0000:00:16.3: PME: Signaling with IRQ 35
[    5.037936] pcieport 0000:00:16.3: pciehp: Slot #195 AttnBtn+ PwrCtrl+ MRL- AttnInd- PwrInd- HotPlug+ Surprise- Interlock- NoCompl+ IbPresDis- LLActRep+
[    5.039973] pcieport 0000:00:16.4: PME: Signaling with IRQ 36
[    5.040130] pcieport 0000:00:16.4: pciehp: Slot #196 AttnBtn+ PwrCtrl+ MRL- AttnInd- PwrInd- HotPlug+ Surprise- Interlock- NoCompl+ IbPresDis- LLActRep+
[    5.042197] pcieport 0000:00:16.5: PME: Signaling with IRQ 37
[    5.042363] pcieport 0000:00:16.5: pciehp: Slot #197 AttnBtn+ PwrCtrl+ MRL- AttnInd- PwrInd- HotPlug+ Surprise- Interlock- NoCompl+ IbPresDis- LLActRep+
[    5.044527] pcieport 0000:00:16.6: PME: Signaling with IRQ 38
[    5.044736] pcieport 0000:00:16.6: pciehp: Slot #198 AttnBtn+ PwrCtrl+ MRL- AttnInd- PwrInd- HotPlug+ Surprise- Interlock- NoCompl+ IbPresDis- LLActRep+
[    5.046651] pcieport 0000:00:16.7: PME: Signaling with IRQ 39
[    5.046832] pcieport 0000:00:16.7: pciehp: Slot #199 AttnBtn+ PwrCtrl+ MRL- AttnInd- PwrInd- HotPlug+ Surprise- Interlock- NoCompl+ IbPresDis- LLActRep+
[    5.049059] pcieport 0000:00:17.0: PME: Signaling with IRQ 40
[    5.049228] pcieport 0000:00:17.0: pciehp: Slot #224 AttnBtn+ PwrCtrl+ MRL- AttnInd- PwrInd- HotPlug+ Surprise- Interlock- NoCompl+ IbPresDis- LLActRep+
[    5.051503] pcieport 0000:00:17.1: PME: Signaling with IRQ 41
[    5.051831] pcieport 0000:00:17.1: pciehp: Slot #225 AttnBtn+ PwrCtrl+ MRL- AttnInd- PwrInd- HotPlug+ Surprise- Interlock- NoCompl+ IbPresDis- LLActRep+
[    5.053897] pcieport 0000:00:17.2: PME: Signaling with IRQ 42
[    5.054107] pcieport 0000:00:17.2: pciehp: Slot #226 AttnBtn+ PwrCtrl+ MRL- AttnInd- PwrInd- HotPlug+ Surprise- Interlock- NoCompl+ IbPresDis- LLActRep+
[    5.056397] pcieport 0000:00:17.3: PME: Signaling with IRQ 43
[    5.056576] pcieport 0000:00:17.3: pciehp: Slot #227 AttnBtn+ PwrCtrl+ MRL- AttnInd- PwrInd- HotPlug+ Surprise- Interlock- NoCompl+ IbPresDis- LLActRep+
[    5.058780] pcieport 0000:00:17.4: PME: Signaling with IRQ 44
[    5.059053] pcieport 0000:00:17.4: pciehp: Slot #228 AttnBtn+ PwrCtrl+ MRL- AttnInd- PwrInd- HotPlug+ Surprise- Interlock- NoCompl+ IbPresDis- LLActRep+
[    5.061035] pcieport 0000:00:17.5: PME: Signaling with IRQ 45
[    5.061226] pcieport 0000:00:17.5: pciehp: Slot #229 AttnBtn+ PwrCtrl+ MRL- AttnInd- PwrInd- HotPlug+ Surprise- Interlock- NoCompl+ IbPresDis- LLActRep+
[    5.063307] pcieport 0000:00:17.6: PME: Signaling with IRQ 46
[    5.063500] pcieport 0000:00:17.6: pciehp: Slot #230 AttnBtn+ PwrCtrl+ MRL- AttnInd- PwrInd- HotPlug+ Surprise- Interlock- NoCompl+ IbPresDis- LLActRep+
[    5.065429] pcieport 0000:00:17.7: PME: Signaling with IRQ 47
[    5.065590] pcieport 0000:00:17.7: pciehp: Slot #231 AttnBtn+ PwrCtrl+ MRL- AttnInd- PwrInd- HotPlug+ Surprise- Interlock- NoCompl+ IbPresDis- LLActRep+
[    5.067692] pcieport 0000:00:18.0: PME: Signaling with IRQ 48
[    5.067861] pcieport 0000:00:18.0: pciehp: Slot #256 AttnBtn+ PwrCtrl+ MRL- AttnInd- PwrInd- HotPlug+ Surprise- Interlock- NoCompl+ IbPresDis- LLActRep+
[    5.069810] pcieport 0000:00:18.1: PME: Signaling with IRQ 49
[    5.069996] pcieport 0000:00:18.1: pciehp: Slot #257 AttnBtn+ PwrCtrl+ MRL- AttnInd- PwrInd- HotPlug+ Surprise- Interlock- NoCompl+ IbPresDis- LLActRep+
[    5.072886] pcieport 0000:00:18.2: PME: Signaling with IRQ 50
[    5.073075] pcieport 0000:00:18.2: pciehp: Slot #258 AttnBtn+ PwrCtrl+ MRL- AttnInd- PwrInd- HotPlug+ Surprise- Interlock- NoCompl+ IbPresDis- LLActRep+
[    5.075027] pcieport 0000:00:18.3: PME: Signaling with IRQ 51
[    5.075176] pcieport 0000:00:18.3: pciehp: Slot #259 AttnBtn+ PwrCtrl+ MRL- AttnInd- PwrInd- HotPlug+ Surprise- Interlock- NoCompl+ IbPresDis- LLActRep+
[    5.077637] pcieport 0000:00:18.4: PME: Signaling with IRQ 52
[    5.077830] pcieport 0000:00:18.4: pciehp: Slot #260 AttnBtn+ PwrCtrl+ MRL- AttnInd- PwrInd- HotPlug+ Surprise- Interlock- NoCompl+ IbPresDis- LLActRep+
[    5.080476] pcieport 0000:00:18.5: PME: Signaling with IRQ 53
[    5.080831] pcieport 0000:00:18.5: pciehp: Slot #261 AttnBtn+ PwrCtrl+ MRL- AttnInd- PwrInd- HotPlug+ Surprise- Interlock- NoCompl+ IbPresDis- LLActRep+
[    5.083315] pcieport 0000:00:18.6: PME: Signaling with IRQ 54
[    5.083528] pcieport 0000:00:18.6: pciehp: Slot #262 AttnBtn+ PwrCtrl+ MRL- AttnInd- PwrInd- HotPlug+ Surprise- Interlock- NoCompl+ IbPresDis- LLActRep+
[    5.085384] pcieport 0000:00:18.7: PME: Signaling with IRQ 55
[    5.085565] pcieport 0000:00:18.7: pciehp: Slot #263 AttnBtn+ PwrCtrl+ MRL- AttnInd- PwrInd- HotPlug+ Surprise- Interlock- NoCompl+ IbPresDis- LLActRep+
[    5.086665] shpchp: Standard Hot Plug PCI Controller Driver version: 0.4
[    5.087754] ACPI: AC: AC Adapter [ACAD] (on-line)
[    5.087917] input: Power Button as /devices/LNXSYSTM:00/LNXPWRBN:00/input/input0
[    5.088031] ACPI: button: Power Button [PWRF]
[    5.089435] Serial: 8250/16550 driver, 32 ports, IRQ sharing enabled
[    5.113444] 00:05: ttyS0 at I/O 0x3f8 (irq = 4, base_baud = 115200) is a 16550A
[    5.168509] Linux agpgart interface v0.103
[    5.168611] agpgart-intel 0000:00:00.0: Intel 440BX Chipset
[    5.192556] agpgart-intel 0000:00:00.0: AGP aperture is 256M @ 0x0
[    5.245380] loop: module loaded
[    5.245751] ata_piix 0000:00:07.1: version 2.13
[    5.251755] scsi host0: ata_piix
[    5.252493] scsi host1: ata_piix
[    5.252574] ata1: PATA max UDMA/33 cmd 0x1f0 ctl 0x3f6 bmdma 0x1060 irq 14
[    5.252578] ata2: PATA max UDMA/33 cmd 0x170 ctl 0x376 bmdma 0x1068 irq 15
[    5.252979] tun: Universal TUN/TAP device driver, 1.6
[    5.253833] PPP generic driver version 2.4.2
[    5.254027] VFIO - User Level meta-driver version: 0.3
[    5.254207] ehci_hcd: USB 2.0 'Enhanced' Host Controller (EHCI) Driver
[    5.254215] ehci-pci: EHCI PCI platform driver
[    5.255136] ehci-pci 0000:02:03.0: EHCI Host Controller
[    5.255142] ehci-pci 0000:02:03.0: new USB bus registered, assigned bus number 1
[    5.255653] ehci-pci 0000:02:03.0: irq 17, io mem 0xfd5ef000
[    5.275595] ehci-pci 0000:02:03.0: USB 2.0 started, EHCI 1.00
[    5.275870] usb usb1: New USB device found, idVendor=1d6b, idProduct=0002, bcdDevice= 5.15
[    5.275877] usb usb1: New USB device strings: Mfr=3, Product=2, SerialNumber=1
[    5.275880] usb usb1: Product: EHCI Host Controller
[    5.275883] usb usb1: Manufacturer: Linux 5.15.0-48-generic ehci_hcd
[    5.275885] usb usb1: SerialNumber: 0000:02:03.0
[    5.276267] hub 1-0:1.0: USB hub found
[    5.276278] hub 1-0:1.0: 6 ports detected
[    5.277303] ehci-platform: EHCI generic platform driver
[    5.277322] ohci_hcd: USB 1.1 'Open' Host Controller (OHCI) Driver
[    5.277327] ohci-pci: OHCI PCI platform driver
[    5.277366] ohci-platform: OHCI generic platform driver
[    5.277372] uhci_hcd: USB Universal Host Controller Interface driver
[    5.278144] uhci_hcd 0000:02:00.0: UHCI Host Controller
[    5.278151] uhci_hcd 0000:02:00.0: new USB bus registered, assigned bus number 2
[    5.278213] uhci_hcd 0000:02:00.0: detected 2 ports
[    5.278507] uhci_hcd 0000:02:00.0: irq 18, io base 0x00002080
[    5.278645] usb usb2: New USB device found, idVendor=1d6b, idProduct=0001, bcdDevice= 5.15
[    5.278648] usb usb2: New USB device strings: Mfr=3, Product=2, SerialNumber=1
[    5.278649] usb usb2: Product: UHCI Host Controller
[    5.278650] usb usb2: Manufacturer: Linux 5.15.0-48-generic uhci_hcd
[    5.278651] usb usb2: SerialNumber: 0000:02:00.0
[    5.278917] hub 2-0:1.0: USB hub found
[    5.278998] hub 2-0:1.0: 2 ports detected
[    5.279395] i8042: PNP: PS/2 Controller [PNP0303:KBC,PNP0f13:MOUS] at 0x60,0x64 irq 1,12
[    5.281062] serio: i8042 KBD port at 0x60,0x64 irq 1
[    5.281071] serio: i8042 AUX port at 0x60,0x64 irq 12
[    5.281274] mousedev: PS/2 mouse device common for all mice
[    5.284239] input: AT Translated Set 2 keyboard as /devices/platform/i8042/serio0/input/input1
[    5.284679] rtc_cmos 00:01: registered as rtc0
[    5.284820] rtc_cmos 00:01: setting system clock to 2022-11-16T11:55:47 UTC (1668599747)
[    5.284840] rtc_cmos 00:01: alarms up to one month, y3k, 114 bytes nvram, hpet irqs
[    5.284852] i2c_dev: i2c /dev entries driver
[    5.284903] device-mapper: core: CONFIG_IMA_DISABLE_HTABLE is disabled. Duplicate IMA measurements will not be recorded in the IMA log.
[    5.284983] device-mapper: uevent: version 1.0.3
[    5.285151] device-mapper: ioctl: 4.45.0-ioctl (2021-03-22) initialised: dm-devel@redhat.com
[    5.285196] platform eisa.0: Probing EISA bus 0
[    5.285198] platform eisa.0: EISA: Cannot allocate resource for mainboard
[    5.285200] platform eisa.0: Cannot allocate resource for EISA slot 1
[    5.285201] platform eisa.0: Cannot allocate resource for EISA slot 2
[    5.285202] platform eisa.0: Cannot allocate resource for EISA slot 3
[    5.285202] platform eisa.0: Cannot allocate resource for EISA slot 4
[    5.285203] platform eisa.0: Cannot allocate resource for EISA slot 5
[    5.285204] platform eisa.0: Cannot allocate resource for EISA slot 6
[    5.285205] platform eisa.0: Cannot allocate resource for EISA slot 7
[    5.285205] platform eisa.0: Cannot allocate resource for EISA slot 8
[    5.285206] platform eisa.0: EISA: Detected 0 cards
[    5.285358] ledtrig-cpu: registered to indicate activity on CPUs
[    5.285924] drop_monitor: Initializing network drop monitor service
[    5.286251] NET: Registered PF_INET6 protocol family
[    5.611378] usb 2-1: new full-speed USB device number 2 using uhci_hcd
[    5.769093] usb 2-1: New USB device found, idVendor=0e0f, idProduct=0003, bcdDevice= 1.03
[    5.769099] usb 2-1: New USB device strings: Mfr=1, Product=2, SerialNumber=0
[    5.769100] usb 2-1: Product: VMware Virtual USB Mouse
[    5.769101] usb 2-1: Manufacturer: VMware
[    5.903302] usb 2-2: new full-speed USB device number 3 using uhci_hcd
[    6.062054] usb 2-2: New USB device found, idVendor=0e0f, idProduct=0002, bcdDevice= 1.00
[    6.062059] usb 2-2: New USB device strings: Mfr=1, Product=2, SerialNumber=0
[    6.062060] usb 2-2: Product: VMware Virtual USB Hub
[    6.062061] usb 2-2: Manufacturer: VMware, Inc.
[    6.068220] hub 2-2:1.0: USB hub found
[    6.070364] hub 2-2:1.0: 7 ports detected
[    6.384849] Freeing initrd memory: 61808K
[    6.384881] usb 2-2.1: new full-speed USB device number 4 using uhci_hcd
[    6.395858] Segment Routing with IPv6
[    6.395895] In-situ OAM (IOAM) with IPv6
[    6.395951] NET: Registered PF_PACKET protocol family
[    6.396307] Key type dns_resolver registered
[    6.396825] IPI shorthand broadcast: enabled
[    6.396881] sched_clock: Marking stable (6361844025, 34818373)->(6395726351, 936047)
[    6.398219] registered taskstats version 1
[    6.398386] Loading compiled-in X.509 certificates
[    6.399442] Loaded X.509 cert 'Build time autogenerated kernel key: 812a45ce66042b92679f0afa96ba2ce919aefad9'
[    6.399851] Loaded X.509 cert 'Canonical Ltd. Live Patch Signing: 14df34d1a87cf37625abec039ef2bf521249b969'
[    6.400188] Loaded X.509 cert 'Canonical Ltd. Kernel Module Signing: 88f752e560a1e0737e31163a466ad7b70a850c19'
[    6.400190] blacklist: Loading compiled-in revocation X.509 certificates
[    6.400204] Loaded X.509 cert 'Canonical Ltd. Secure Boot Signing: 61482aa2830d0ab2ad5af10b7250da9033ddcef0'
[    6.504150] usb 2-2.1: New USB device found, idVendor=0e0f, idProduct=0008, bcdDevice= 1.00
[    6.504158] usb 2-2.1: New USB device strings: Mfr=1, Product=2, SerialNumber=3
[    6.504159] usb 2-2.1: Product: Virtual Bluetooth Adapter
[    6.504160] usb 2-2.1: Manufacturer: VMware
[    6.504161] usb 2-2.1: SerialNumber: 000650268328
[    6.544314] zswap: loaded using pool lzo/zbud
[    6.546123] Key type ._fscrypt registered
[    6.546125] Key type .fscrypt registered
[    6.546125] Key type fscrypt-provisioning registered
[    6.551234] Key type encrypted registered
[    6.551239] AppArmor: AppArmor sha1 policy hashing enabled
[    6.551247] ima: No TPM chip found, activating TPM-bypass!
[    6.551251] Loading compiled-in module X.509 certificates
[    6.551766] Loaded X.509 cert 'Build time autogenerated kernel key: 812a45ce66042b92679f0afa96ba2ce919aefad9'
[    6.551768] ima: Allocated hash algorithm: sha1
[    6.551776] ima: No architecture policies found
[    6.551841] evm: Initialising EVM extended attributes:
[    6.551844] evm: security.selinux
[    6.551845] evm: security.SMACK64
[    6.551846] evm: security.SMACK64EXEC
[    6.551847] evm: security.SMACK64TRANSMUTE
[    6.551848] evm: security.SMACK64MMAP
[    6.551849] evm: security.apparmor
[    6.551850] evm: security.ima
[    6.551850] evm: security.capability
[    6.551851] evm: HMAC attrs: 0x1
[    6.552601] PM:   Magic number: 14:290:934
[    6.552652] clockevents clockevent23: hash matches
[    6.552762] acpi device:fe: hash matches
[    6.553549] RAS: Correctable Errors collector initialized.
[    6.555556] Freeing unused decrypted memory: 2036K
[    6.556294] Freeing unused kernel image (initmem) memory: 3224K
[    6.574951] Write protecting the kernel read-only data: 30720k
[    6.576111] Freeing unused kernel image (text/rodata gap) memory: 2036K
[    6.576820] Freeing unused kernel image (rodata/data gap) memory: 1484K
[    6.607759] x86/mm: Checked W+X mappings: passed, no W+X pages found.
[    6.607854] Run /init as init process
[    6.607859]   with arguments:
[    6.607860]     /init
[    6.607861]     auto
[    6.607862]     noprompt
[    6.607862]     splash
[    6.607863]   with environment:
[    6.607863]     HOME=/
[    6.607864]     TERM=linux
[    6.607864]     BOOT_IMAGE=/boot/vmlinuz-5.15.0-48-generic
[    6.607865]     find_preseed=/preseed.cfg
[    6.607865]     priority=critical
[    6.607866]     locale=en_US
[    6.909534] Floppy drive(s): fd0 is 1.44M
[    6.928614] FDC 0 is a post-1991 82077
[    7.013969] piix4_smbus 0000:00:07.3: SMBus Host Controller not enabled!
[    7.018666] Fusion MPT base driver 3.04.20
[    7.018671] Copyright (c) 1999-2008 LSI Corporation
[    7.023108] e1000: Intel(R) PRO/1000 Network Driver
[    7.023110] e1000: Copyright (c) 1999-2006 Intel Corporation.
[    7.026156] ahci 0000:02:04.0: version 3.0
[    7.035649] hid: raw HID events driver (C) Jiri Kosina
[    7.036497] ahci 0000:02:04.0: AHCI 0001.0300 32 slots 30 ports 6 Gbps 0x3fffffff impl SATA mode
[    7.036501] ahci 0000:02:04.0: flags: 64bit ncq clo only 
[    7.050292] usbcore: registered new interface driver usbhid
[    7.050295] usbhid: USB HID core driver
[    7.059733] Fusion MPT SPI Host driver 3.04.20
[    7.073695] mptbase: ioc0: Initiating bringup
[    7.082694] input: VirtualPS/2 VMware VMMouse as /devices/platform/i8042/serio1/input/input4
[    7.083137] input: VirtualPS/2 VMware VMMouse as /devices/platform/i8042/serio1/input/input3
[    7.146166] scsi host2: ahci
[    7.147836] scsi host3: ahci
[    7.159460] scsi host4: ahci
[    7.183854] ioc0: LSI53C1030 B0: Capabilities={Initiator}
[    7.193167] scsi host5: ahci
[    7.243794] scsi host6: ahci
[    7.247893] input: VMware VMware Virtual USB Mouse as /devices/pci0000:00/0000:00:11.0/0000:02:00.0/usb2/2-1/2-1:1.0/0003:0E0F:0003.0001/input/input5
[    7.253419] scsi host7: ahci
[    7.255403] scsi host8: ahci
[    7.256109] scsi host9: ahci
[    7.258272] scsi host10: ahci
[    7.259349] hid-generic 0003:0E0F:0003.0001: input,hidraw0: USB HID v1.10 Mouse [VMware VMware Virtual USB Mouse] on usb-0000:02:00.0-1/input0
[    7.264224] scsi host11: ahci
[    7.267801] scsi host12: ahci
[    7.269192] scsi host13: ahci
[    7.271296] scsi host14: ahci
[    7.272245] scsi host15: ahci
[    7.273143] scsi host16: ahci
[    7.274241] scsi host17: ahci
[    7.275385] scsi host18: ahci
[    7.277192] scsi host19: ahci
[    7.279398] scsi host20: ahci
[    7.282059] scsi host21: ahci
[    7.283976] scsi host22: ahci
[    7.284982] scsi host23: ahci
[    7.285880] scsi host24: ahci
[    7.286980] scsi host25: ahci
[    7.288123] scsi host26: ahci
[    7.289053] scsi host27: ahci
[    7.289961] scsi host28: ahci
[    7.290936] scsi host29: ahci
[    7.291822] scsi host30: ahci
[    7.292899] scsi host31: ahci
